Component: Arm Compiler for Embedded 6.24 Tool: armlink [5f371500]

==============================================================================

Section Cross References

    stm32f4xx_nucleo_144.o(.ARM.exidx.text.BSP_GetVersion) refers to stm32f4xx_nucleo_144.o(.text.BSP_GetVersion) for [Anonymous Symbol]
    stm32f4xx_nucleo_144.o(.text.BSP_LED_Init) refers to stm32f4xx_nucleo_144.o(.rodata.GPIO_PIN) for GPIO_PIN
    stm32f4xx_nucleo_144.o(.text.BSP_LED_Init) refers to stm32f4xx_nucleo_144.o(.data.GPIO_PORT) for GPIO_PORT
    stm32f4xx_nucleo_144.o(.text.BSP_LED_Init) refers to stm32f4xx_hal_gpio.o(.text.HAL_GPIO_Init) for HAL_GPIO_Init
    stm32f4xx_nucleo_144.o(.text.BSP_LED_Init) refers to stm32f4xx_hal_gpio.o(.text.HAL_GPIO_WritePin) for HAL_GPIO_WritePin
    stm32f4xx_nucleo_144.o(.ARM.exidx.text.BSP_LED_Init) refers to stm32f4xx_nucleo_144.o(.text.BSP_LED_Init) for [Anonymous Symbol]
    stm32f4xx_nucleo_144.o(.text.BSP_LED_DeInit) refers to stm32f4xx_nucleo_144.o(.data.GPIO_PORT) for GPIO_PORT
    stm32f4xx_nucleo_144.o(.text.BSP_LED_DeInit) refers to stm32f4xx_nucleo_144.o(.rodata.GPIO_PIN) for GPIO_PIN
    stm32f4xx_nucleo_144.o(.text.BSP_LED_DeInit) refers to stm32f4xx_hal_gpio.o(.text.HAL_GPIO_WritePin) for HAL_GPIO_WritePin
    stm32f4xx_nucleo_144.o(.text.BSP_LED_DeInit) refers to stm32f4xx_hal_gpio.o(.text.HAL_GPIO_DeInit) for HAL_GPIO_DeInit
    stm32f4xx_nucleo_144.o(.ARM.exidx.text.BSP_LED_DeInit) refers to stm32f4xx_nucleo_144.o(.text.BSP_LED_DeInit) for [Anonymous Symbol]
    stm32f4xx_nucleo_144.o(.text.BSP_LED_On) refers to stm32f4xx_nucleo_144.o(.data.GPIO_PORT) for GPIO_PORT
    stm32f4xx_nucleo_144.o(.text.BSP_LED_On) refers to stm32f4xx_nucleo_144.o(.rodata.GPIO_PIN) for GPIO_PIN
    stm32f4xx_nucleo_144.o(.text.BSP_LED_On) refers to stm32f4xx_hal_gpio.o(.text.HAL_GPIO_WritePin) for HAL_GPIO_WritePin
    stm32f4xx_nucleo_144.o(.ARM.exidx.text.BSP_LED_On) refers to stm32f4xx_nucleo_144.o(.text.BSP_LED_On) for [Anonymous Symbol]
    stm32f4xx_nucleo_144.o(.text.BSP_LED_Off) refers to stm32f4xx_nucleo_144.o(.data.GPIO_PORT) for GPIO_PORT
    stm32f4xx_nucleo_144.o(.text.BSP_LED_Off) refers to stm32f4xx_nucleo_144.o(.rodata.GPIO_PIN) for GPIO_PIN
    stm32f4xx_nucleo_144.o(.text.BSP_LED_Off) refers to stm32f4xx_hal_gpio.o(.text.HAL_GPIO_WritePin) for HAL_GPIO_WritePin
    stm32f4xx_nucleo_144.o(.ARM.exidx.text.BSP_LED_Off) refers to stm32f4xx_nucleo_144.o(.text.BSP_LED_Off) for [Anonymous Symbol]
    stm32f4xx_nucleo_144.o(.text.BSP_LED_Toggle) refers to stm32f4xx_nucleo_144.o(.data.GPIO_PORT) for GPIO_PORT
    stm32f4xx_nucleo_144.o(.text.BSP_LED_Toggle) refers to stm32f4xx_nucleo_144.o(.rodata.GPIO_PIN) for GPIO_PIN
    stm32f4xx_nucleo_144.o(.text.BSP_LED_Toggle) refers to stm32f4xx_hal_gpio.o(.text.HAL_GPIO_TogglePin) for HAL_GPIO_TogglePin
    stm32f4xx_nucleo_144.o(.ARM.exidx.text.BSP_LED_Toggle) refers to stm32f4xx_nucleo_144.o(.text.BSP_LED_Toggle) for [Anonymous Symbol]
    stm32f4xx_nucleo_144.o(.text.BSP_PB_Init) refers to stm32f4xx_nucleo_144.o(.rodata.BUTTON_PIN) for BUTTON_PIN
    stm32f4xx_nucleo_144.o(.text.BSP_PB_Init) refers to stm32f4xx_nucleo_144.o(.data.BUTTON_PORT) for BUTTON_PORT
    stm32f4xx_nucleo_144.o(.text.BSP_PB_Init) refers to stm32f4xx_hal_gpio.o(.text.HAL_GPIO_Init) for HAL_GPIO_Init
    stm32f4xx_nucleo_144.o(.text.BSP_PB_Init) refers to stm32f4xx_nucleo_144.o(.rodata.BUTTON_IRQn) for BUTTON_IRQn
    stm32f4xx_nucleo_144.o(.text.BSP_PB_Init) refers to stm32f4xx_hal_cortex.o(.text.HAL_NVIC_SetPriority) for HAL_NVIC_SetPriority
    stm32f4xx_nucleo_144.o(.text.BSP_PB_Init) refers to stm32f4xx_hal_cortex.o(.text.HAL_NVIC_EnableIRQ) for HAL_NVIC_EnableIRQ
    stm32f4xx_nucleo_144.o(.ARM.exidx.text.BSP_PB_Init) refers to stm32f4xx_nucleo_144.o(.text.BSP_PB_Init) for [Anonymous Symbol]
    stm32f4xx_nucleo_144.o(.text.BSP_PB_DeInit) refers to stm32f4xx_nucleo_144.o(.rodata.BUTTON_PIN) for BUTTON_PIN
    stm32f4xx_nucleo_144.o(.text.BSP_PB_DeInit) refers to stm32f4xx_nucleo_144.o(.rodata.BUTTON_IRQn) for BUTTON_IRQn
    stm32f4xx_nucleo_144.o(.text.BSP_PB_DeInit) refers to stm32f4xx_hal_cortex.o(.text.HAL_NVIC_DisableIRQ) for HAL_NVIC_DisableIRQ
    stm32f4xx_nucleo_144.o(.text.BSP_PB_DeInit) refers to stm32f4xx_nucleo_144.o(.data.BUTTON_PORT) for BUTTON_PORT
    stm32f4xx_nucleo_144.o(.text.BSP_PB_DeInit) refers to stm32f4xx_hal_gpio.o(.text.HAL_GPIO_DeInit) for HAL_GPIO_DeInit
    stm32f4xx_nucleo_144.o(.ARM.exidx.text.BSP_PB_DeInit) refers to stm32f4xx_nucleo_144.o(.text.BSP_PB_DeInit) for [Anonymous Symbol]
    stm32f4xx_nucleo_144.o(.text.BSP_PB_GetState) refers to stm32f4xx_nucleo_144.o(.data.BUTTON_PORT) for BUTTON_PORT
    stm32f4xx_nucleo_144.o(.text.BSP_PB_GetState) refers to stm32f4xx_nucleo_144.o(.rodata.BUTTON_PIN) for BUTTON_PIN
    stm32f4xx_nucleo_144.o(.text.BSP_PB_GetState) refers to stm32f4xx_hal_gpio.o(.text.HAL_GPIO_ReadPin) for HAL_GPIO_ReadPin
[...]
    [Anonymous Symbol]                       0x08001bd8   Section        0  stm32f4xx_hal_rcc.o(.text.HAL_RCC_OscConfig)
    [Anonymous Symbol]                       0x0800227c   Section        0  stm32f4xx_hal_cortex.o(.text.HAL_SYSTICK_Config)
    [Anonymous Symbol]                       0x0800228c   Section        0  stm32f4xx_hal_tim_ex.o(.text.HAL_TIMEx_MasterConfigSynchronization)
    HAL_TIM_MspPostInit                      0x080023b1   Thumb Code    72  LCD_TIM.o(.text.HAL_TIM_MspPostInit)
    [Anonymous Symbol]                       0x080023b0   Section        0  LCD_TIM.o(.text.HAL_TIM_MspPostInit)
    [Anonymous Symbol]                       0x080023f8   Section        0  stm32f4xx_hal_tim.o(.text.HAL_TIM_PWM_ConfigChannel)
    [Anonymous Symbol]                       0x0800253c   Section        0  stm32f4xx_hal_tim.o(.text.HAL_TIM_PWM_Init)
    [Anonymous Symbol]                       0x08002594   Section        0  LCD_TIM.o(.text.HAL_TIM_PWM_MspInit)
    [Anonymous Symbol]                       0x080025d4   Section        0  stm32f4xx_hal_tim.o(.text.HAL_TIM_PWM_Start)
    [Anonymous Symbol]                       0x08002654   Section        0  stm32f4xx_it.o(.text.HardFault_Handler)
    [Anonymous Symbol]                       0x08002658   Section        0  LCD_Tools.o(.text.LCDErrHandler)
    LCD_Reset                                0x08002711   Thumb Code    74  LCD_Driver.o(.text.LCD_Reset)
    [Anonymous Symbol]                       0x08002710   Section        0  LCD_Driver.o(.text.LCD_Reset)
    LCD_SetBackLight                         0x0800275d   Thumb Code    20  LCD_Driver.o(.text.LCD_SetBackLight)
    [Anonymous Symbol]                       0x0800275c   Section        0  LCD_Driver.o(.text.LCD_SetBackLight)
    LCD_SetGramScanWay                       0x08002771   Thumb Code    34  LCD_Driver.o(.text.LCD_SetGramScanWay)
    [Anonymous Symbol]                       0x08002770   Section        0  LCD_Driver.o(.text.LCD_SetGramScanWay)
    LCD_WriteCMD                             0x08002795   Thumb Code    72  LCD_Driver.o(.text.LCD_WriteCMD)
    [Anonymous Symbol]                       0x08002794   Section        0  LCD_Driver.o(.text.LCD_WriteCMD)
    LCD_WriteCMDList                         0x080027dd   Thumb Code    86  LCD_Driver.o(.text.LCD_WriteCMDList)
    [Anonymous Symbol]                       0x080027dc   Section        0  LCD_Driver.o(.text.LCD_WriteCMDList)
    LCD_WriteParam                           0x08002835   Thumb Code    22  LCD_Driver.o(.text.LCD_WriteParam)
    [Anonymous Symbol]                       0x08002834   Section        0  LCD_Driver.o(.text.LCD_WriteParam)
    LCD_WriteParameters                      0x0800284d   Thumb Code   112  LCD_Driver.o(.text.LCD_WriteParameters)
    [Anonymous Symbol]                       0x0800284c   Section        0  LCD_Driver.o(.text.LCD_WriteParameters)
    [Anonymous Symbol]                       0x080028bc   Section        0  LCD_Driver.o(.text.LCD_clear)
    [Anonymous Symbol]                       0x080028e0   Section        0  LCD_Driver.o(.text.LCD_fillRectangleBW)
    [Anonymous Symbol]                       0x08002a70   Section        0  LCD_Driver.o(.text.LCD_fillRectangleMC)
    [Anonymous Symbol]                       0x08002b3c   Section        0  LCD_Driver.o(.text.LCD_init)
    LCD_setWindow                            0x08002bad   Thumb Code    88  LCD_Driver.o(.text.LCD_setWindow)
    [Anonymous Symbol]                       0x08002bac   Section        0  LCD_Driver.o(.text.LCD_setWindow)
    MX_GPIO_Init                             0x08002c05   Thumb Code   414  LCD_GPIO.o(.text.MX_GPIO_Init)
    [Anonymous Symbol]                       0x08002c04   Section        0  LCD_GPIO.o(.text.MX_GPIO_Init)
    MX_TIM4_Init                             0x08002da5   Thumb Code   170  LCD_TIM.o(.text.MX_TIM4_Init)
    [Anonymous Symbol]                       0x08002da4   Section        0  LCD_TIM.o(.text.MX_TIM4_Init)
    [Anonymous Symbol]                       0x08002e50   Section        0  stm32f4xx_it.o(.text.MemManage_Handler)
    [Anonymous Symbol]                       0x08002e54   Section        0  stm32f4xx_it.o(.text.NMI_Handler)
    NVIC_EncodePriority                      0x08002e59   Thumb Code   108  stm32f4xx_hal_cortex.o(.text.NVIC_EncodePriority)
    [Anonymous Symbol]                       0x08002e58   Section        0  stm32f4xx_hal_cortex.o(.text.NVIC_EncodePriority)
    [Anonymous Symbol]                       0x08002ec4   Section        0  LCD_TIM.o(.text.PWM_SetValue)
    [Anonymous Symbol]                       0x08002efc   Section        0  stm32f4xx_it.o(.text.PendSV_Handler)
    [Anonymous Symbol]                       0x08002f00   Section        0  LCD_SPI.o(.text.SPI4W_Write_Byte)
    SPIInitDevWithoutHAL                     0x08002fb9   Thumb Code    76  LCD_SPI.o(.text.SPIInitDevWithoutHAL)
    [Anonymous Symbol]                       0x08002fb8   Section        0  LCD_SPI.o(.text.SPIInitDevWithoutHAL)
    SPIInitGPIOsWithoutHAL                   0x08003005   Thumb Code   218  LCD_SPI.o(.text.SPIInitGPIOsWithoutHAL)
    [Anonymous Symbol]                       0x08003004   Section        0  LCD_SPI.o(.text.SPIInitGPIOsWithoutHAL)
    [Anonymous Symbol]                       0x080030e0   Section        0  LCD_SPI.o(.text.SPIinit)
    [Anonymous Symbol]                       0x080030f0   Section        0  stm32f4xx_it.o(.text.SVC_Handler)
    SysTick_Config                           0x080030f5   Thumb Code    82  stm32f4xx_hal_cortex.o(.text.SysTick_Config)
    [Anonymous Symbol]                       0x080030f4   Section        0  stm32f4xx_hal_cortex.o(.text.SysTick_Config)
    [Anonymous Symbol]                       0x08003148   Section        0  stm32f4xx_it.o(.text.SysTick_Handler)
    SystemClock_Config                       0x08003151   Thumb Code   184  init.o(.text.SystemClock_Config)
    [Anonymous Symbol]                       0x08003150   Section        0  init.o(.text.SystemClock_Config)
    [Anonymous Symbol]                       0x08003208   Section        0  system_stm32f4xx.o(.text.SystemInit)
    [Anonymous Symbol]                       0x08003278   Section        0  LCD_TIM.o(.text.TIM4_Init)
    [Anonymous Symbol]                       0x08003280   Section        0  stm32f4xx_hal_tim.o(.text.TIM_Base_SetConfig)
    [Anonymous Symbol]                       0x0800341c   Section        0  stm32f4xx_hal_tim.o(.text.TIM_CCxChannelCmd)
    TIM_OC1_SetConfig                        0x08003455   Thumb Code   234  stm32f4xx_hal_tim.o(.text.TIM_OC1_SetConfig)
    [Anonymous Symbol]                       0x08003454   Section        0  stm32f4xx_hal_tim.o(.text.TIM_OC1_SetConfig)
    [Anonymous Symbol]                       0x08003540   Section        0  stm32f4xx_hal_tim.o(.text.TIM_OC2_SetConfig)
    TIM_OC3_SetConfig                        0x08003635   Thumb Code   242  stm32f4xx_hal_tim.o(.text.TIM_OC3_SetConfig)
    [Anonymous Symbol]                       0x08003634   Section        0  stm32f4xx_hal_tim.o(.text.TIM_OC3_SetConfig)
    TIM_OC4_SetConfig                        0x08003729   Thumb Code   164  stm32f4xx_hal_tim.o(.text.TIM_OC4_SetConfig)
    [Anonymous Symbol]                       0x08003728   Section        0  stm32f4xx_hal_tim.o(.text.TIM_OC4_SetConfig)
    [Anonymous Symbol]                       0x080037cc   Section        0  LCD_Touch.o(.text.TP_InitBasic)
    TP_SetDefaultCalibration                 0x08003801   Thumb Code    42  LCD_Touch.o(.text.TP_SetDefaultCalibration)
    [Anonymous Symbol]                       0x08003800   Section        0  LCD_Touch.o(.text.TP_SetDefaultCalibration)
    USART3_Control                           0x0800382d   Thumb Code    28  USART_STM32F4xx.o(.text.USART3_Control)
    [Anonymous Symbol]                       0x0800382c   Section        0  USART_STM32F4xx.o(.text.USART3_Control)
    USART3_GetCapabilities                   0x08003849   Thumb Code    24  USART_STM32F4xx.o(.text.USART3_GetCapabilities)
    [Anonymous Symbol]                       0x08003848   Section        0  USART_STM32F4xx.o(.text.USART3_GetCapabilities)
    USART3_GetModemStatus                    0x08003861   Thumb Code    24  USART_STM32F4xx.o(.text.USART3_GetModemStatus)
    [Anonymous Symbol]                       0x08003860   Section        0  USART_STM32F4xx.o(.text.USART3_GetModemStatus)
    USART3_GetRxCount                        0x08003879   Thumb Code    16  USART_STM32F4xx.o(.text.USART3_GetRxCount)
    [Anonymous Symbol]                       0x08003878   Section        0  USART_STM32F4xx.o(.text.USART3_GetRxCount)
    USART3_GetStatus                         0x08003889   Thumb Code    24  USART_STM32F4xx.o(.text.USART3_GetStatus)
    [Anonymous Symbol]                       0x08003888   Section        0  USART_STM32F4xx.o(.text.USART3_GetStatus)
    USART3_GetTxCount                        0x080038a1   Thumb Code    16  USART_STM32F4xx.o(.text.USART3_GetTxCount)
    [Anonymous Symbol]                       0x080038a0   Section        0  USART_STM32F4xx.o(.text.USART3_GetTxCount)
    [Anonymous Symbol]                       0x080038b0   Section        0  USART_STM32F4xx.o(.text.USART3_IRQHandler)
    USART3_Initialize                        0x080038c1   Thumb Code    24  USART_STM32F4xx.o(.text.USART3_Initialize)
    [Anonymous Symbol]                       0x080038c0   Section        0  USART_STM32F4xx.o(.text.USART3_Initialize)
    USART3_PowerControl                      0x080038d9   Thumb Code    28  USART_STM32F4xx.o(.text.USART3_PowerControl)
    [Anonymous Symbol]                       0x080038d8   Section        0  USART_STM32F4xx.o(.text.USART3_PowerControl)
    USART3_Receive                           0x080038f5   Thumb Code    28  USART_STM32F4xx.o(.text.USART3_Receive)
    [Anonymous Symbol]                       0x080038f4   Section        0  USART_STM32F4xx.o(.text.USART3_Receive)
    USART3_Send                              0x08003911   Thumb Code    28  USART_STM32F4xx.o(.text.USART3_Send)
    [Anonymous Symbol]                       0x08003910   Section        0  USART_STM32F4xx.o(.text.USART3_Send)
    USART3_SetModemControl                   0x0800392d   Thumb Code    28  USART_STM32F4xx.o(.text.USART3_SetModemControl)
    [Anonymous Symbol]                       0x0800392c   Section        0  USART_STM32F4xx.o(.text.USART3_SetModemControl)
    USART3_Transfer                          0x08003949   Thumb Code    32  USART_STM32F4xx.o(.text.USART3_Transfer)
    [Anonymous Symbol]                       0x08003948   Section        0  USART_STM32F4xx.o(.text.USART3_Transfer)
    USART3_Uninitialize                      0x08003969   Thumb Code    16  USART_STM32F4xx.o(.text.USART3_Uninitialize)
    [Anonymous Symbol]                       0x08003968   Section        0  USART_STM32F4xx.o(.text.USART3_Uninitialize)
    USART_Control                            0x08003979   Thumb Code  3462  USART_STM32F4xx.o(.text.USART_Control)
    [Anonymous Symbol]                       0x08003978   Section        0  USART_STM32F4xx.o(.text.USART_Control)
    USART_GetCapabilities                    0x08004701   Thumb Code    16  USART_STM32F4xx.o(.text.USART_GetCapabilities)
    [Anonymous Symbol]                       0x08004700   Section        0  USART_STM32F4xx.o(.text.USART_GetCapabilities)
    USART_GetModemStatus                     0x08004711   Thumb Code   106  USART_STM32F4xx.o(.text.USART_GetModemStatus)
    [Anonymous Symbol]                       0x08004710   Section        0  USART_STM32F4xx.o(.text.USART_GetModemStatus)
    USART_GetRxCount                         0x0800477d   Thumb Code    14  USART_STM32F4xx.o(.text.USART_GetRxCount)
    [Anonymous Symbol]                       0x0800477c   Section        0  USART_STM32F4xx.o(.text.USART_GetRxCount)
    USART_GetStatus                          0x0800478d   Thumb Code   212  USART_STM32F4xx.o(.text.USART_GetStatus)
    [Anonymous Symbol]                       0x0800478c   Section        0  USART_STM32F4xx.o(.text.USART_GetStatus)
    USART_GetTxCount                         0x08004861   Thumb Code    14  USART_STM32F4xx.o(.text.USART_GetTxCount)
    [Anonymous Symbol]                       0x08004860   Section        0  USART_STM32F4xx.o(.text.USART_GetTxCount)
    [Anonymous Symbol]                       0x08004870   Section        0  USART_STM32F4xx.o(.text.USART_IRQHandler)
    USART_Initialize                         0x08004c75   Thumb Code   224  USART_STM32F4xx.o(.text.USART_Initialize)
    [Anonymous Symbol]                       0x08004c74   Section        0  USART_STM32F4xx.o(.text.USART_Initialize)
    USART_PeripheralReset                    0x08004d55   Thumb Code   588  USART_STM32F4xx.o(.text.USART_PeripheralReset)
    [Anonymous Symbol]                       0x08004d54   Section        0  USART_STM32F4xx.o(.text.USART_PeripheralReset)
    USART_PowerControl                       0x08004fa1   Thumb Code  1118  USART_STM32F4xx.o(.text.USART_PowerControl)
    [Anonymous Symbol]                       0x08004fa0   Section        0  USART_STM32F4xx.o(.text.USART_PowerControl)
    USART_Receive                            0x08005401   Thumb Code   228  USART_STM32F4xx.o(.text.USART_Receive)
    [Anonymous Symbol]                       0x08005400   Section        0  USART_STM32F4xx.o(.text.USART_Receive)
    USART_Send                               0x080054e5   Thumb Code   182  USART_STM32F4xx.o(.text.USART_Send)
    [Anonymous Symbol]                       0x080054e4   Section        0  USART_STM32F4xx.o(.text.USART_Send)
    USART_SetModemControl                    0x0800559d   Thumb Code   226  USART_STM32F4xx.o(.text.USART_SetModemControl)
    [Anonymous Symbol]                       0x0800559c   Section        0  USART_STM32F4xx.o(.text.USART_SetModemControl)
    USART_Transfer                           0x08005681   Thumb Code   150  USART_STM32F4xx.o(.text.USART_Transfer)
    [Anonymous Symbol]                       0x08005680   Section        0  USART_STM32F4xx.o(.text.USART_Transfer)
    USART_Uninitialize                       0x08005719   Thumb Code   192  USART_STM32F4xx.o(.text.USART_Uninitialize)
    [Anonymous Symbol]                       0x08005718   Section        0  USART_STM32F4xx.o(.text.USART_Uninitialize)
    USARTx_GetVersion                        0x080057d9   Thumb Code    18  USART_STM32F4xx.o(.text.USARTx_GetVersion)
    [Anonymous Symbol]                       0x080057d8   Section        0  USART_STM32F4xx.o(.text.USARTx_GetVersion)
    [Anonymous Symbol]                       0x080057ec   Section        0  stm32f4xx_it.o(.text.UsageFault_Handler)
    __NVIC_ClearPendingIRQ                   0x080057f1   Thumb Code    48  USART_STM32F4xx.o(.text.__NVIC_ClearPendingIRQ)
    [Anonymous Symbol]                       0x080057f0   Section        0  USART_STM32F4xx.o(.text.__NVIC_ClearPendingIRQ)
    __NVIC_DisableIRQ                        0x08005821   Thumb Code    56  stm32f4xx_hal_cortex.o(.text.__NVIC_DisableIRQ)
    [Anonymous Symbol]                       0x08005820   Section        0  stm32f4xx_hal_cortex.o(.text.__NVIC_DisableIRQ)
    __NVIC_EnableIRQ                         0x08005859   Thumb Code    48  USART_STM32F4xx.o(.text.__NVIC_EnableIRQ)
    [Anonymous Symbol]                       0x08005858   Section        0  USART_STM32F4xx.o(.text.__NVIC_EnableIRQ)
    __NVIC_GetPriorityGrouping               0x08005889   Thumb Code    16  stm32f4xx_hal_cortex.o(.text.__NVIC_GetPriorityGrouping)
    [Anonymous Symbol]                       0x08005888   Section        0  stm32f4xx_hal_cortex.o(.text.__NVIC_GetPriorityGrouping)
    __NVIC_SetPriority                       0x08005899   Thumb Code    66  stm32f4xx_hal_cortex.o(.text.__NVIC_SetPriority)
    [Anonymous Symbol]                       0x08005898   Section        0  stm32f4xx_hal_cortex.o(.text.__NVIC_SetPriority)
    __NVIC_SetPriorityGrouping               0x080058dd   Thumb Code    60  stm32f4xx_hal_cortex.o(.text.__NVIC_SetPriorityGrouping)
    [Anonymous Symbol]                       0x080058dc   Section        0  stm32f4xx_hal_cortex.o(.text.__NVIC_SetPriorityGrouping)
    check_SPI_SR                             0x08005919   Thumb Code    72  LCD_SPI.o(.text.check_SPI_SR)
    [Anonymous Symbol]                       0x08005918   Section        0  LCD_SPI.o(.text.check_SPI_SR)
    [Anonymous Symbol]                       0x08005960   Section        0  encoder.o(.text.get_direction)
    [Anonymous Symbol]                       0x0800596c   Section        0  encoder.o(.text.get_phase)
    [Anonymous Symbol]                       0x080059b4   Section        0  encoder.o(.text.get_total_phase_count)
    [Anonymous Symbol]                       0x080059c0   Section        0  encoder.o(.text.get_window_phase_count)
    [Anonymous Symbol]                       0x080059cc   Section        0  error_handler.o(.text.handle_error)
    [Anonymous Symbol]                       0x08005a04   Section        0  encoder.o(.text.increment_window_phase_count)
    initGPIOs                                0x08005a49   Thumb Code   320  init.o(.text.initGPIOs)
    [Anonymous Symbol]                       0x08005a48   Section        0  init.o(.text.initGPIOs)
    [Anonymous Symbol]                       0x08005b88   Section        0  init.o(.text.initITSboard)
    [Anonymous Symbol]                       0x08005b9c   Section        0  timer.o(.text.initTimer)
    [Anonymous Symbol]                       0x08005be0   Section        0  display.o(.text.init_display)
    [Anonymous Symbol]                       0x08005bfc   Section        0  encoder.o(.text.init_encoder)
    [Anonymous Symbol]                       0x08005c20   Section        0  gpio.o(.text.init_gpio)
    [Anonymous Symbol]                       0x08005c84   Section        0  main.o(.text.init_modules)
    [Anonymous Symbol]                       0x08005ca8   Section        0  time.o(.text.init_time)
    [Anonymous Symbol]                       0x08005cd0   Section        0  gpio.o(.text.is_reset_button_pressed)
    [Anonymous Symbol]                       0x08005ce0   Section        0  time.o(.text.is_timewindow_over)
    [Anonymous Symbol]                       0x08005d3c   Section        0  LCD_Tools.o(.text.itoa)
    [Anonymous Symbol]                       0x08005df0   Section        0  test_lcd.o(.text.lcd_shit)
    [Anonymous Symbol]                       0x08005e28   Section        0  main.o(.text.main)
    [Anonymous Symbol]                       0x08005eac   Section        0  time.o(.text.ms_since_timewindow_start)
    [Anonymous Symbol]                       0x08005f18   Section        0  LCD_Debug.o(.text.printDebugMsg)
    [Anonymous Symbol]                       0x08005fcc   Section        0  display.o(.text.print_error)
    [Anonymous Symbol]                       0x08006008   Section        0  angle.o(.text.recalculate_angle)
    [Anonymous Symbol]                       0x08006068   Section        0  angle.o(.text.recalculate_angular_momentum)
    [Anonymous Symbol]                       0x080060c8   Section        0  encoder.o(.text.recalculate_encoder)
    [Anonymous Symbol]                       0x08006260   Section        0  gpio.o(.text.refresh_input_state)
    [Anonymous Symbol]                       0x080062b8   Section        0  time.o(.text.refresh_timer)
    [Anonymous Symbol]                       0x080062cc   Section        0  main.o(.text.reset_state)
    [Anonymous Symbol]                       0x080062dc   Section        0  encoder.o(.text.reset_window_phase_count)
    save_restore_AltFn_SPI1_MOSI_Pin         0x080062ed   Thumb Code    48  LCD_SPI.o(.text.save_restore_AltFn_SPI1_MOSI_Pin)
    [Anonymous Symbol]                       0x080062ec   Section        0  LCD_SPI.o(.text.save_restore_AltFn_SPI1_MOSI_Pin)
    [Anonymous Symbol]                       0x0800631c   Section        0  time.o(.text.save_timestamp)
    [Anonymous Symbol]                       0x08006334   Section        0  display.o(.text.setErrMode)
    [Anonymous Symbol]                       0x08006348   Section        0  display.o(.text.setNormalMode)
    [Anonymous Symbol]                       0x0800635c   Section        0  gpio.o(.text.set_dir_led)
    [Anonymous Symbol]                       0x080063cc   Section        0  gpio.o(.text.set_phase_led)
    [Anonymous Symbol]                       0x080063f0   Section        0  time.o(.text.start_new_timewindow)
    [Anonymous Symbol]                       0x08006404   Section        0  stdinout_USART.o(.text.stdinout_init)
    [Anonymous Symbol]                       0x080064b4   Section        0  display.o(.text.update)
    [Anonymous Symbol]                       0x080065b8   Section        0  encoder.o(.text.update_total_phase_count)
    i.__0sprintf                             0x080065d4   Section        0  printfa.o(i.__0sprintf)
    i.__scatterload_copy                     0x080065fc   Section       14  handlers.o(i.__scatterload_copy)
    i.__scatterload_null                     0x0800660a   Section        2  handlers.o(i.__scatterload_null)
    i.__scatterload_zeroinit                 0x0800660c   Section       14  handlers.o(i.__scatterload_zeroinit)
    _fp_digits                               0x0800661d   Thumb Code   366  printfa.o(i._fp_digits)
    i._fp_digits                             0x0800661c   Section        0  printfa.o(i._fp_digits)
    _printf_core                             0x080067a1   Thumb Code  1744  printfa.o(i._printf_core)
    i._printf_core                           0x080067a0   Section        0  printfa.o(i._printf_core)
    _printf_post_padding                     0x08006e7d   Thumb Code    36  printfa.o(i._printf_post_padding)
    i._printf_post_padding                   0x08006e7c   Section        0  printfa.o(i._printf_post_padding)
    _printf_pre_padding                      0x08006ea1   Thumb Code    46  printfa.o(i._printf_pre_padding)
    i._printf_pre_padding                    0x08006ea0   Section        0  printfa.o(i._printf_pre_padding)
    _sputc                                   0x08006ecf   Thumb Code    10  printfa.o(i._sputc)
    i._sputc                                 0x08006ece   Section        0  printfa.o(i._sputc)
    USART3_Resources                         0x08007220   Data          52  USART_STM32F4xx.o(.rodata.USART3_Resources)
    [Anonymous Symbol]                       0x08007220   Section        0  USART_STM32F4xx.o(.rodata.USART3_Resources)
    USART3_rx                                0x08007254   Data          12  USART_STM32F4xx.o(.rodata.USART3_rx)
    [Anonymous Symbol]                       0x08007254   Section        0  USART_STM32F4xx.o(.rodata.USART3_rx)
    USART3_tx                                0x08007260   Data          12  USART_STM32F4xx.o(.rodata.USART3_tx)
    [Anonymous Symbol]                       0x08007260   Section        0  USART_STM32F4xx.o(.rodata.USART3_tx)
    .L.str                                   0x080072d3   Data          64  LCD_GUI.o(.rodata.str1.1)
    [Anonymous Symbol]                       0x080072d3   Section        0  LCD_GUI.o(.rodata.str1.1)
    .L.str                                   0x08007313   Data          64  LCD_SPI.o(.rodata.str1.1)
    [Anonymous Symbol]                       0x08007313   Section        0  LCD_SPI.o(.rodata.str1.1)
    .L.str                                   0x08007353   Data          64  LCD_TIM.o(.rodata.str1.1)
    [Anonymous Symbol]                       0x08007353   Section        0  LCD_TIM.o(.rodata.str1.1)
    .L.str.1                                 0x08007393   Data           6  LCD_Debug.o(.rodata.str1.1)
    [Anonymous Symbol]                       0x08007393   Section        0  LCD_Debug.o(.rodata.str1.1)
    .L.str                                   0x08007399   Data          22  LCD_Debug.o(.rodata.str1.1)
    .L.str                                   0x080073af   Data           6  display.o(.rodata.str1.1)
    [Anonymous Symbol]                       0x080073af   Section        0  display.o(.rodata.str1.1)
    .L.str                                   0x080073b5   Data          27  error_handler.o(.rodata.str1.1)
    [Anonymous Symbol]                       0x080073b5   Section        0  error_handler.o(.rodata.str1.1)
    save_restore_AltFn_SPI1_MOSI_Pin.saved_AF 0x2000002c   Data           4  LCD_SPI.o(.data.save_restore_AltFn_SPI1_MOSI_Pin.saved_AF)
    [Anonymous Symbol]                       0x2000002c   Section        0  LCD_SPI.o(.data.save_restore_AltFn_SPI1_MOSI_Pin.saved_AF)
    USART3_Info                              0x20000080   Data          20  USART_STM32F4xx.o(.bss.USART3_Info)
    [Anonymous Symbol]                       0x20000080   Section        0  USART_STM32F4xx.o(.bss.USART3_Info)
    USART3_TransferInfo                      0x20000094   Data          36  USART_STM32F4xx.o(.bss.USART3_TransferInfo)
    [Anonymous Symbol]                       0x20000094   Section        0  USART_STM32F4xx.o(.bss.USART3_TransferInfo)
    current_phase_count                      0x200000cc   Data           4  gpio.o(.bss.current_phase_count)
    [Anonymous Symbol]                       0x200000cc   Section        0  gpio.o(.bss.current_phase_count)
    current_status                           0x200000d0   Data           4  gpio.o(.bss.current_status)
    [Anonymous Symbol]                       0x200000d0   Section        0  gpio.o(.bss.current_status)
    current_timestamp                        0x200000d4   Data           4  time.o(.bss.current_timestamp)
    [Anonymous Symbol]                       0x200000d4   Section        0  time.o(.bss.current_timestamp)
    htim4                                    0x200000dc   Data          64  LCD_TIM.o(.bss.htim4)
    [Anonymous Symbol]                       0x200000dc   Section        0  LCD_TIM.o(.bss.htim4)
    input                                    0x2000011c   Data           4  gpio.o(.bss.input)
    [Anonymous Symbol]                       0x2000011c   Section        0  gpio.o(.bss.input)
    last_phase_transition_timestamp          0x20000120   Data           4  time.o(.bss.last_phase_transition_timestamp)
    [Anonymous Symbol]                       0x20000120   Section        0  time.o(.bss.last_phase_transition_timestamp)
    sTP_DEV                                  0x20000138   Data          24  LCD_Touch.o(.bss.sTP_DEV)
    [Anonymous Symbol]                       0x20000138   Section        0  LCD_Touch.o(.bss.sTP_DEV)
    window_start_timestamp                   0x2000015c   Data           4  time.o(.bss.window_start_timestamp)
    [Anonymous Symbol]                       0x2000015c   Section        0  time.o(.bss.window_start_timestamp)
    STACK                                    0x20000160   Section     1024  startup_stm32f429xx.o(STACK)

    Global Symbols

    Symbol Name                              Value     Ov Type        Size  Object(Section)

    BuildAttributes$$THM_ISAv4$E$P$D$K$B$S$7EM$VFPi3$EXTD16$VFPS$VFMA$PE$A:L22UL41UL21$X:L11$S22US41US21$IEEE1$IW$~IW$USESV6$~STKCKD$USESV7$~SHL$OTIME$ROPI$IEEEJ$EBA8$MICROLIB$REQ8$PRES8$EABIv2 0x00000000   Number         0  anon$$obj.o ABSOLUTE
    __cpp_initialize__aeabi_                  - Undefined Weak Reference
    __cxa_finalize                            - Undefined Weak Reference
    __decompress                              - Undefined Weak Reference
    _clock_init                               - Undefined Weak Reference
    _microlib_exit                            - Undefined Weak Reference
    __Vectors_Size                           0x000001ac   Number         0  startup_stm32f429xx.o ABSOLUTE
    __Vectors                                0x08000000   Data           4  startup_stm32f429xx.o(RESET)
    __Vectors_End                            0x080001ac   Data           0  startup_stm32f429xx.o(RESET)
    __main                                   0x080001ad   Thumb Code     0  entry.o(.ARM.Collect$$$$00000000)
    _main_stk                                0x080001ad   Thumb Code     0  entry2.o(.ARM.Collect$$$$00000001)
    _main_scatterload                        0x080001b1   Thumb Code     0  entry5.o(.ARM.Collect$$$$00000004)
    __main_after_scatterload                 0x080001b5   Thumb Code     0  entry5.o(.ARM.Collect$$$$00000004)
    _main_clock                              0x080001b5   Thumb Code     0  entry7b.o(.ARM.Collect$$$$00000008)
    _main_cpp_init                           0x080001b5   Thumb Code     0  entry8b.o(.ARM.Collect$$$$0000000A)
    _main_init                               0x080001b5   Thumb Code     0  entry9a.o(.ARM.Collect$$$$0000000B)
    __rt_final_cpp                           0x080001bd   Thumb Code     0  entry10a.o(.ARM.Collect$$$$0000000D)
    __rt_final_exit                          0x080001bd   Thumb Code     0  entry11a.o(.ARM.Collect$$$$0000000F)
    Reset_Handler                            0x080001c1   Thumb Code     8  startup_stm32f429xx.o(.text)
    ADC_IRQHandler                           0x080001db   Thumb Code     0  startup_stm32f429xx.o(.text)
    CAN1_RX0_IRQHandler                      0x080001db   Thumb Code     0  startup_stm32f429xx.o(.text)
    CAN1_RX1_IRQHandler                      0x080001db   Thumb Code     0  startup_stm32f429xx.o(.text)
    CAN1_SCE_IRQHandler                      0x080001db   Thumb Code     0  startup_stm32f429xx.o(.text)
    CAN1_TX_IRQHandler                       0x080001db   Thumb Code     0  startup_stm32f429xx.o(.text)
    CAN2_RX0_IRQHandler                      0x080001db   Thumb Code     0  startup_stm32f429xx.o(.text)
    CAN2_RX1_IRQHandler                      0x080001db   Thumb Code     0  startup_stm32f429xx.o(.text)
    CAN2_SCE_IRQHandler                      0x080001db   Thumb Code     0  startup_stm32f429xx.o(.text)
    CAN2_TX_IRQHandler                       0x080001db   Thumb Code     0  startup_stm32f429xx.o(.text)
    DCMI_IRQHandler                          0x080001db   Thumb Code     0  startup_stm32f429xx.o(.text)
    DMA1_Stream0_IRQHandler                  0x080001db   Thumb Code     0  startup_stm32f429xx.o(.text)
    DMA1_Stream1_IRQHandler                  0x080001db   Thumb Code     0  startup_stm32f429xx.o(.text)
    DMA1_Stream2_IRQHandler                  0x080001db   Thumb Code     0  startup_stm32f429xx.o(.text)
    DMA1_Stream3_IRQHandler                  0x080001db   Thumb Code     0  startup_stm32f429xx.o(.text)
    DMA1_Stream4_IRQHandler                  0x080001db   Thumb Code     0  startup_stm32f429xx.o(.text)
    DMA1_Stream5_IRQHandler                  0x080001db   Thumb Code     0  startup_stm32f429xx.o(.text)
    DMA1_Stream6_IRQHandler                  0x080001db   Thumb Code     0  startup_stm32f429xx.o(.text)
    DMA1_Stream7_IRQHandler                  0x080001db   Thumb Code     0  startup_stm32f429xx.o(.text)
    DMA2D_IRQHandler                         0x080001db   Thumb Code     0  startup_stm32f429xx.o(.text)
    DMA2_Stream0_IRQHandler                  0x080001db   Thumb Code     0  startup_stm32f429xx.o(.text)
    DMA2_Stream1_IRQHandler                  0x080001db   Thumb Code     0  startup_stm32f429xx.o(.text)
    DMA2_Stream2_IRQHandler                  0x080001db   Thumb Code     0  startup_stm32f429xx.o(.text)
    DMA2_Stream3_IRQHandler                  0x080001db   Thumb Code     0  startup_stm32f429xx.o(.text)
    DMA2_Stream4_IRQHandler                  0x080001db   Thumb Code     0  startup_stm32f429xx.o(.text)
    DMA2_Stream5_IRQHandler                  0x080001db   Thumb Code     0  startup_stm32f429xx.o(.text)
    DMA2_Stream6_IRQHandler                  0x080001db   Thumb Code     0  startup_stm32f429xx.o(.text)
    DMA2_Stream7_IRQHandler                  0x080001db   Thumb Code     0  startup_stm32f429xx.o(.text)
    ETH_WKUP_IRQHandler                      0x080001db   Thumb Code     0  startup_stm32f429xx.o(.text)
    EXTI0_IRQHandler                         0x080001db   Thumb Code     0  startup_stm32f429xx.o(.text)
    EXTI15_10_IRQHandler                     0x080001db   Thumb Code     0  startup_stm32f429xx.o(.text)
    EXTI1_IRQHandler                         0x080001db   Thumb Code     0  startup_stm32f429xx.o(.text)
    EXTI2_IRQHandler                         0x080001db   Thumb Code     0  startup_stm32f429xx.o(.text)
    EXTI3_IRQHandler                         0x080001db   Thumb Code     0  startup_stm32f429xx.o(.text)
    EXTI4_IRQHandler                         0x080001db   Thumb Code     0  startup_stm32f429xx.o(.text)
    EXTI9_5_IRQHandler                       0x080001db   Thumb Code     0  startup_stm32f429xx.o(.text)
    FLASH_IRQHandler                         0x080001db   Thumb Code     0  startup_stm32f429xx.o(.text)
    FMC_IRQHandler                           0x080001db   Thumb Code     0  startup_stm32f429xx.o(.text)
    FPU_IRQHandler                           0x080001db   Thumb Code     0  startup_stm32f429xx.o(.text)
    HASH_RNG_IRQHandler                      0x080001db   Thumb Code     0  startup_stm32f429xx.o(.text)
    I2C1_ER_IRQHandler                       0x080001db   Thumb Code     0  startup_stm32f429xx.o(.text)
    I2C1_EV_IRQHandler                       0x080001db   Thumb Code     0  startup_stm32f429xx.o(.text)
    I2C2_ER_IRQHandler                       0x080001db   Thumb Code     0  startup_stm32f429xx.o(.text)
    I2C2_EV_IRQHandler                       0x080001db   Thumb Code     0  startup_stm32f429xx.o(.text)
    I2C3_ER_IRQHandler                       0x080001db   Thumb Code     0  startup_stm32f429xx.o(.text)
    I2C3_EV_IRQHandler                       0x080001db   Thumb Code     0  startup_stm32f429xx.o(.text)
    LTDC_ER_IRQHandler                       0x080001db   Thumb Code     0  startup_stm32f429xx.o(.text)
    LTDC_IRQHandler                          0x080001db   Thumb Code     0  startup_stm32f429xx.o(.text)
    OTG_FS_IRQHandler                        0x080001db   Thumb Code     0  startup_stm32f429xx.o(.text)
    OTG_FS_WKUP_IRQHandler                   0x080001db   Thumb Code     0  startup_stm32f429xx.o(.text)
    OTG_HS_EP1_IN_IRQHandler                 0x080001db   Thumb Code     0  startup_stm32f429xx.o(.text)
    OTG_HS_EP1_OUT_IRQHandler                0x080001db   Thumb Code     0  startup_stm32f429xx.o(.text)
    OTG_HS_IRQHandler                        0x080001db   Thumb Code     0  startup_stm32f429xx.o(.text)
    OTG_HS_WKUP_IRQHandler                   0x080001db   Thumb Code     0  startup_stm32f429xx.o(.text)
    PVD_IRQHandler                           0x080001db   Thumb Code     0  startup_stm32f429xx.o(.text)
    RCC_IRQHandler                           0x080001db   Thumb Code     0  startup_stm32f429xx.o(.text)
    RTC_Alarm_IRQHandler                     0x080001db   Thumb Code     0  startup_stm32f429xx.o(.text)
    RTC_WKUP_IRQHandler                      0x080001db   Thumb Code     0  startup_stm32f429xx.o(.text)
    SAI1_IRQHandler                          0x080001db   Thumb Code     0  startup_stm32f429xx.o(.text)
    SDIO_IRQHandler                          0x080001db   Thumb Code     0  startup_stm32f429xx.o(.text)
    SPI1_IRQHandler                          0x080001db   Thumb Code     0  startup_stm32f429xx.o(.text)
    SPI2_IRQHandler                          0x080001db   Thumb Code     0  startup_stm32f429xx.o(.text)
    SPI3_IRQHandler                          0x080001db   Thumb Code     0  startup_stm32f429xx.o(.text)
    SPI4_IRQHandler                          0x080001db   Thumb Code     0  startup_stm32f429xx.o(.text)
    SPI5_IRQHandler                          0x080001db   Thumb Code     0  startup_stm32f429xx.o(.text)
    SPI6_IRQHandler                          0x080001db   Thumb Code     0  startup_stm32f429xx.o(.text)
    TAMP_STAMP_IRQHandler                    0x080001db   Thumb Code     0  startup_stm32f429xx.o(.text)
    TIM1_BRK_TIM9_IRQHandler                 0x080001db   Thumb Code     0  startup_stm32f429xx.o(.text)
    TIM1_CC_IRQHandler                       0x080001db   Thumb Code     0  startup_stm32f429xx.o(.text)
    TIM1_TRG_COM_TIM11_IRQHandler            0x080001db   Thumb Code     0  startup_stm32f429xx.o(.text)
    TIM1_UP_TIM10_IRQHandler                 0x080001db   Thumb Code     0  startup_stm32f429xx.o(.text)
    TIM2_IRQHandler                          0x080001db   Thumb Code     0  startup_stm32f429xx.o(.text)
    TIM3_IRQHandler                          0x080001db   Thumb Code     0  startup_stm32f429xx.o(.text)
    TIM4_IRQHandler                          0x080001db   Thumb Code     0  startup_stm32f429xx.o(.text)
    TIM5_IRQHandler                          0x080001db   Thumb Code     0  startup_stm32f429xx.o(.text)
    TIM6_DAC_IRQHandler                      0x080001db   Thumb Code     0  startup_stm32f429xx.o(.text)
    TIM7_IRQHandler                          0x080001db   Thumb Code     0  startup_stm32f429xx.o(.text)
    TIM8_BRK_TIM12_IRQHandler                0x080001db   Thumb Code     0  startup_stm32f429xx.o(.text)
    TIM8_CC_IRQHandler                       0x080001db   Thumb Code     0  startup_stm32f429xx.o(.text)
    TIM8_TRG_COM_TIM14_IRQHandler            0x080001db   Thumb Code     0  startup_stm32f429xx.o(.text)
    TIM8_UP_TIM13_IRQHandler                 0x080001db   Thumb Code     0  startup_stm32f429xx.o(.text)
    UART4_IRQHandler                         0x080001db   Thumb Code     0  startup_stm32f429xx.o(.text)
    UART5_IRQHandler                         0x080001db   Thumb Code     0  startup_stm32f429xx.o(.text)
    UART7_IRQHandler                         0x080001db   Thumb Code     0  startup_stm32f429xx.o(.text)
    UART8_IRQHandler                         0x080001db   Thumb Code     0  startup_stm32f429xx.o(.text)
    USART1_IRQHandler                        0x080001db   Thumb Code     0  startup_stm32f429xx.o(.text)
    USART2_IRQHandler                        0x080001db   Thumb Code     0  startup_stm32f429xx.o(.text)
    USART6_IRQHandler                        0x080001db   Thumb Code     0  startup_stm32f429xx.o(.text)
    WWDG_IRQHandler                          0x080001db   Thumb Code     0  startup_stm32f429xx.o(.text)
    __aeabi_uldivmod                         0x080001e5   Thumb Code    98  uldiv.o(.text)
    __aeabi_ldivmod                          0x08000247   Thumb Code    98  ldiv.o(.text)
    __aeabi_memset                           0x080002a9   Thumb Code    14  memseta.o(.text)
    __aeabi_memset4                          0x080002a9   Thumb Code     0  memseta.o(.text)
    __aeabi_memset8                          0x080002a9   Thumb Code     0  memseta.o(.text)
    __aeabi_memclr                           0x080002b7   Thumb Code     4  memseta.o(.text)
    __aeabi_memclr4                          0x080002b7   Thumb Code     0  memseta.o(.text)
    __aeabi_memclr8                          0x080002b7   Thumb Code     0  memseta.o(.text)
    _memset$wrapper                          0x080002bb   Thumb Code    18  memseta.o(.text)
    __aeabi_dmul                             0x080002cd   Thumb Code   228  dmul.o(.text)
    __aeabi_ddiv                             0x080003b1   Thumb Code   222  ddiv.o(.text)
    __aeabi_dcmpeq                           0x0800048f   Thumb Code    56  dcmpeq.o(.text)
    __aeabi_i2d                              0x080004c7   Thumb Code    34  dflti.o(.text)
    __aeabi_uidiv                            0x080004e9   Thumb Code     0  uidiv.o(.text)
    __aeabi_uidivmod                         0x080004e9   Thumb Code    44  uidiv.o(.text)
    __aeabi_llsl                             0x08000515   Thumb Code    30  llshl.o(.text)
    _ll_shift_l                              0x08000515   Thumb Code     0  llshl.o(.text)
    __aeabi_llsr                             0x08000533   Thumb Code    32  llushr.o(.text)
    _ll_ushift_r                             0x08000533   Thumb Code     0  llushr.o(.text)
    __I$use$fp                               0x08000553   Thumb Code     0  iusefp.o(.text)
    _double_round                            0x08000553   Thumb Code    30  depilogue.o(.text)
    _double_epilogue                         0x08000571   Thumb Code   156  depilogue.o(.text)
    __aeabi_dadd                             0x0800060d   Thumb Code   322  dadd.o(.text)
    __aeabi_dsub                             0x0800074f   Thumb Code     6  dadd.o(.text)
    __aeabi_drsub                            0x08000755   Thumb Code     6  dadd.o(.text)
    __aeabi_d2ulz                            0x0800075b   Thumb Code    48  dfixul.o(.text)
    __aeabi_cdrcmple                         0x0800078d   Thumb Code    48  cdrcmple.o(.text)
    __scatterload                            0x080007bd   Thumb Code    38  init.o(.text)
    __scatterload_rt2                        0x080007bd   Thumb Code     0  init.o(.text)
    __aeabi_lasr                             0x080007ed   Thumb Code    36  llsshr.o(.text)
    _ll_sshift_r                             0x080007ed   Thumb Code     0  llsshr.o(.text)
    BusFault_Handler                         0x08000811   Thumb Code     4  stm32f4xx_it.o(.text.BusFault_Handler)
    DebugMon_Handler                         0x08000815   Thumb Code     2  stm32f4xx_it.o(.text.DebugMon_Handler)
    Driver_Delay_ms                          0x08000819   Thumb Code    16  LCD_Tools.o(.text.Driver_Delay_ms)
    Driver_Delay_us                          0x08000829   Thumb Code    32  LCD_Tools.o(.text.Driver_Delay_us)
    ETH_IRQHandler                           0x08000849   Thumb Code    16  stm32f4xx_it.o(.text.ETH_IRQHandler)
    Error_Handler                            0x08000a35   Thumb Code   232  error.o(.text.Error_Handler)
    GPIO_Init                                0x08000b1d   Thumb Code     8  LCD_GPIO.o(.text.GPIO_Init)
    GUI_clear                                0x08000b25   Thumb Code    20  LCD_GUI.o(.text.GUI_clear)
    GUI_disChar                              0x08000b39   Thumb Code   188  LCD_GUI.o(.text.GUI_disChar)
    GUI_disNum                               0x08000bf5   Thumb Code   104  LCD_GUI.o(.text.GUI_disNum)
    GUI_disStr                               0x08000c5d   Thumb Code   276  LCD_GUI.o(.text.GUI_disStr)
    GUI_init                                 0x08000d71   Thumb Code    28  LCD_GUI.o(.text.GUI_init)
    HAL_DMA_Abort                            0x08000d8d   Thumb Code   234  stm32f4xx_hal_dma.o(.text.HAL_DMA_Abort)
    HAL_Delay                                0x08000e79   Thumb Code    66  stm32f4xx_hal.o(.text.HAL_Delay)
    HAL_ETH_ErrorCallback                    0x08000ebd   Thumb Code     8  stm32f4xx_hal_eth.o(.text.HAL_ETH_ErrorCallback)
    HAL_ETH_IRQHandler                       0x08000ec5   Thumb Code   194  stm32f4xx_hal_eth.o(.text.HAL_ETH_IRQHandler)
    HAL_ETH_RxCpltCallback                   0x08000f89   Thumb Code     8  stm32f4xx_hal_eth.o(.text.HAL_ETH_RxCpltCallback)
    HAL_ETH_TxCpltCallback                   0x08000f91   Thumb Code     8  stm32f4xx_hal_eth.o(.text.HAL_ETH_TxCpltCallback)
    HAL_GPIO_DeInit                          0x08000f99   Thumb Code   604  stm32f4xx_hal_gpio.o(.text.HAL_GPIO_DeInit)
    HAL_GPIO_Init                            0x080011f5   Thumb Code  1008  stm32f4xx_hal_gpio.o(.text.HAL_GPIO_Init)
    HAL_GPIO_ReadPin                         0x080015e5   Thumb Code    46  stm32f4xx_hal_gpio.o(.text.HAL_GPIO_ReadPin)
    HAL_GPIO_TogglePin                       0x08001615   Thumb Code    50  stm32f4xx_hal_gpio.o(.text.HAL_GPIO_TogglePin)
    HAL_GPIO_WritePin                        0x08001649   Thumb Code    46  stm32f4xx_hal_gpio.o(.text.HAL_GPIO_WritePin)
    HAL_GetTick                              0x08001679   Thumb Code    12  stm32f4xx_hal.o(.text.HAL_GetTick)
    HAL_IncTick                              0x08001685   Thumb Code    26  stm32f4xx_hal.o(.text.HAL_IncTick)
    HAL_Init                                 0x080016a1   Thumb Code    46  stm32f4xx_hal.o(.text.HAL_Init)
    HAL_InitTick                             0x080016d1   Thumb Code   112  stm32f4xx_hal.o(.text.HAL_InitTick)
    HAL_MspInit                              0x08001741   Thumb Code     2  stm32f4xx_hal.o(.text.HAL_MspInit)
    HAL_NVIC_DisableIRQ                      0x08001745   Thumb Code    20  stm32f4xx_hal_cortex.o(.text.HAL_NVIC_DisableIRQ)
    HAL_NVIC_SetPriority                     0x08001759   Thumb Code    50  stm32f4xx_hal_cortex.o(.text.HAL_NVIC_SetPriority)
    HAL_NVIC_SetPriorityGrouping             0x0800178d   Thumb Code    16  stm32f4xx_hal_cortex.o(.text.HAL_NVIC_SetPriorityGrouping)
    HAL_PWREx_EnableOverDrive                0x0800179d   Thumb Code   190  stm32f4xx_hal_pwr_ex.o(.text.HAL_PWREx_EnableOverDrive)
    HAL_RCC_ClockConfig                      0x0800185d   Thumb Code   610  stm32f4xx_hal_rcc.o(.text.HAL_RCC_ClockConfig)
    HAL_RCC_GetHCLKFreq                      0x08001ac1   Thumb Code    12  stm32f4xx_hal_rcc.o(.text.HAL_RCC_GetHCLKFreq)
    HAL_RCC_GetPCLK1Freq                     0x08001acd   Thumb Code    34  stm32f4xx_hal_rcc.o(.text.HAL_RCC_GetPCLK1Freq)
    HAL_RCC_GetSysClockFreq                  0x08001af1   Thumb Code   230  stm32f4xx_hal_rcc.o(.text.HAL_RCC_GetSysClockFreq)
    HAL_RCC_OscConfig                        0x08001bd9   Thumb Code  1700  stm32f4xx_hal_rcc.o(.text.HAL_RCC_OscConfig)
    HAL_SYSTICK_Config                       0x0800227d   Thumb Code    16  stm32f4xx_hal_cortex.o(.text.HAL_SYSTICK_Config)
    HAL_TIMEx_MasterConfigSynchronization    0x0800228d   Thumb Code   290  stm32f4xx_hal_tim_ex.o(.text.HAL_TIMEx_MasterConfigSynchronization)
    HAL_TIM_PWM_ConfigChannel                0x080023f9   Thumb Code   324  stm32f4xx_hal_tim.o(.text.HAL_TIM_PWM_ConfigChannel)
    HAL_TIM_PWM_Init                         0x0800253d   Thumb Code    88  stm32f4xx_hal_tim.o(.text.HAL_TIM_PWM_Init)
    HAL_TIM_PWM_MspInit                      0x08002595   Thumb Code    62  LCD_TIM.o(.text.HAL_TIM_PWM_MspInit)
    HAL_TIM_PWM_Start                        0x080025d5   Thumb Code   128  stm32f4xx_hal_tim.o(.text.HAL_TIM_PWM_Start)
    HardFault_Handler                        0x08002655   Thumb Code     4  stm32f4xx_it.o(.text.HardFault_Handler)
    LCDErrHandler                            0x08002659   Thumb Code   182  LCD_Tools.o(.text.LCDErrHandler)
    LCD_clear                                0x080028bd   Thumb Code    34  LCD_Driver.o(.text.LCD_clear)
    LCD_fillRectangleBW                      0x080028e1   Thumb Code   398  LCD_Driver.o(.text.LCD_fillRectangleBW)
    LCD_fillRectangleMC                      0x08002a71   Thumb Code   202  LCD_Driver.o(.text.LCD_fillRectangleMC)
    LCD_init                                 0x08002b3d   Thumb Code   112  LCD_Driver.o(.text.LCD_init)
    MemManage_Handler                        0x08002e51   Thumb Code     4  stm32f4xx_it.o(.text.MemManage_Handler)
    NMI_Handler                              0x08002e55   Thumb Code     2  stm32f4xx_it.o(.text.NMI_Handler)
    PWM_SetValue                             0x08002ec5   Thumb Code    56  LCD_TIM.o(.text.PWM_SetValue)
    PendSV_Handler                           0x08002efd   Thumb Code     2  stm32f4xx_it.o(.text.PendSV_Handler)
    SPI4W_Write_Byte                         0x08002f01   Thumb Code   184  LCD_SPI.o(.text.SPI4W_Write_Byte)
    SPIinit                                  0x080030e1   Thumb Code    14  LCD_SPI.o(.text.SPIinit)
    SVC_Handler                              0x080030f1   Thumb Code     2  stm32f4xx_it.o(.text.SVC_Handler)
    SysTick_Handler                          0x08003149   Thumb Code     8  stm32f4xx_it.o(.text.SysTick_Handler)
    SystemInit                               0x08003209   Thumb Code   110  system_stm32f4xx.o(.text.SystemInit)
    TIM4_Init                                0x08003279   Thumb Code     8  LCD_TIM.o(.text.TIM4_Init)
    TIM_Base_SetConfig                       0x08003281   Thumb Code   410  stm32f4xx_hal_tim.o(.text.TIM_Base_SetConfig)
    TIM_CCxChannelCmd                        0x0800341d   Thumb Code    54  stm32f4xx_hal_tim.o(.text.TIM_CCxChannelCmd)
    TIM_OC2_SetConfig                        0x08003541   Thumb Code   244  stm32f4xx_hal_tim.o(.text.TIM_OC2_SetConfig)
    TP_InitBasic                             0x080037cd   Thumb Code    50  LCD_Touch.o(.text.TP_InitBasic)
    USART3_IRQHandler                        0x080038b1   Thumb Code    16  USART_STM32F4xx.o(.text.USART3_IRQHandler)
    USART_IRQHandler                         0x08004871   Thumb Code  1026  USART_STM32F4xx.o(.text.USART_IRQHandler)
    UsageFault_Handler                       0x080057ed   Thumb Code     4  stm32f4xx_it.o(.text.UsageFault_Handler)
    get_direction                            0x08005961   Thumb Code    12  encoder.o(.text.get_direction)
    get_phase                                0x0800596d   Thumb Code    70  encoder.o(.text.get_phase)
    get_total_phase_count                    0x080059b5   Thumb Code    12  encoder.o(.text.get_total_phase_count)
    get_window_phase_count                   0x080059c1   Thumb Code    12  encoder.o(.text.get_window_phase_count)
    handle_error                             0x080059cd   Thumb Code    56  error_handler.o(.text.handle_error)
    increment_window_phase_count             0x08005a05   Thumb Code    66  encoder.o(.text.increment_window_phase_count)
    initITSboard                             0x08005b89   Thumb Code    20  init.o(.text.initITSboard)
    initTimer                                0x08005b9d   Thumb Code    66  timer.o(.text.initTimer)
    init_display                             0x08005be1   Thumb Code    26  display.o(.text.init_display)
    init_encoder                             0x08005bfd   Thumb Code    34  encoder.o(.text.init_encoder)
    init_gpio                                0x08005c21   Thumb Code    98  gpio.o(.text.init_gpio)
    init_modules                             0x08005c85   Thumb Code    36  main.o(.text.init_modules)
    init_time                                0x08005ca9   Thumb Code    40  time.o(.text.init_time)
    is_reset_button_pressed                  0x08005cd1   Thumb Code    16  gpio.o(.text.is_reset_button_pressed)
    is_timewindow_over                       0x08005ce1   Thumb Code    92  time.o(.text.is_timewindow_over)
    itoa                                     0x08005d3d   Thumb Code   180  LCD_Tools.o(.text.itoa)
    lcd_shit                                 0x08005df1   Thumb Code    40  test_lcd.o(.text.lcd_shit)
    main                                     0x08005e29   Thumb Code   132  main.o(.text.main)
    ms_since_timewindow_start                0x08005ead   Thumb Code   108  time.o(.text.ms_since_timewindow_start)
    printDebugMsg                            0x08005f19   Thumb Code   178  LCD_Debug.o(.text.printDebugMsg)
    print_error                              0x08005fcd   Thumb Code    60  display.o(.text.print_error)
    recalculate_angle                        0x08006009   Thumb Code    80  angle.o(.text.recalculate_angle)
    recalculate_angular_momentum             0x08006069   Thumb Code    88  angle.o(.text.recalculate_angular_momentum)
    recalculate_encoder                      0x080060c9   Thumb Code   408  encoder.o(.text.recalculate_encoder)
    refresh_input_state                      0x08006261   Thumb Code    86  gpio.o(.text.refresh_input_state)
    refresh_timer                            0x080062b9   Thumb Code    20  time.o(.text.refresh_timer)
    reset_state                              0x080062cd   Thumb Code    16  main.o(.text.reset_state)
    reset_window_phase_count                 0x080062dd   Thumb Code    14  encoder.o(.text.reset_window_phase_count)
    save_timestamp                           0x0800631d   Thumb Code    22  time.o(.text.save_timestamp)
    setErrMode                               0x08006335   Thumb Code    18  display.o(.text.setErrMode)
    setNormalMode                            0x08006349   Thumb Code    18  display.o(.text.setNormalMode)
    set_dir_led                              0x0800635d   Thumb Code   110  gpio.o(.text.set_dir_led)
    set_phase_led                            0x080063cd   Thumb Code    34  gpio.o(.text.set_phase_led)
    start_new_timewindow                     0x080063f1   Thumb Code    20  time.o(.text.start_new_timewindow)
    stdinout_init                            0x08006405   Thumb Code   174  stdinout_USART.o(.text.stdinout_init)
    update                                   0x080064b5   Thumb Code   258  display.o(.text.update)
    update_total_phase_count                 0x080065b9   Thumb Code    26  encoder.o(.text.update_total_phase_count)
    __0sprintf                               0x080065d5   Thumb Code    34  printfa.o(i.__0sprintf)
    __1sprintf                               0x080065d5   Thumb Code     0  printfa.o(i.__0sprintf)
    __2sprintf                               0x080065d5   Thumb Code     0  printfa.o(i.__0sprintf)
    __c89sprintf                             0x080065d5   Thumb Code     0  printfa.o(i.__0sprintf)
    sprintf                                  0x080065d5   Thumb Code     0  printfa.o(i.__0sprintf)
    __scatterload_copy                       0x080065fd   Thumb Code    14  handlers.o(i.__scatterload_copy)
    __scatterload_null                       0x0800660b   Thumb Code     2  handlers.o(i.__scatterload_null)
    __scatterload_zeroinit                   0x0800660d   Thumb Code    14  handlers.o(i.__scatterload_zeroinit)
    AHBPrescTable                            0x08006ed8   Data          16  system_stm32f4xx.o(.rodata.AHBPrescTable)
    APBPrescTable                            0x08006ee8   Data           8  system_stm32f4xx.o(.rodata.APBPrescTable)
    Driver_USART3                            0x08006ef0   Data          56  USART_STM32F4xx.o(.rodata.Driver_USART3)
    Font8_Table                              0x08006f28   Data         760  font8.o(.rodata.Font8_Table)
    initCmds                                 0x0800726c   Data         103  LCD_Driver.o(.rodata.initCmds)
    Region$$Table$$Base                      0x080073d0   Number         0  anon$$obj.o(Region$$Table)
    Region$$Table$$Limit                     0x080073f0   Number         0  anon$$obj.o(Region$$Table)
    Font16FLASH                              0x20000000   Data           8  fontsFLASH.o(.data.Font16FLASH)
    Font8                                    0x20000008   Data           8  font8.o(.data.Font8)
    SystemCoreClock                          0x20000010   Data           4  system_stm32f4xx.o(.data.SystemCoreClock)
    angle_c                                  0x20000014   Data           4  display.o(.data.angle_c)
    angular_momentum_c                       0x20000018   Data           4  display.o(.data.angular_momentum_c)
    default_color                            0x2000001c   Data           4  display.o(.data.default_color)
    default_font_color                       0x20000020   Data           4  display.o(.data.default_font_color)
    err_color                                0x20000024   Data           4  display.o(.data.err_color)
    error_c                                  0x20000028   Data           4  display.o(.data.error_c)
    uwTickFreq                               0x20000030   Data           1  stm32f4xx_hal.o(.data.uwTickFreq)
    uwTickPrio                               0x20000034   Data           4  stm32f4xx_hal.o(.data.uwTickPrio)
    EthHandle                                0x20000038   Data          72  stm32f4xx_it.o(.bss.EthHandle)
    a_on                                     0x200000b8   Data           1  gpio.o(.bss.a_on)
    a_on_previous                            0x200000b9   Data           1  gpio.o(.bss.a_on_previous)
    angle                                    0x200000c0   Data           8  angle.o(.bss.angle)
    b_on                                     0x200000c8   Data           1  gpio.o(.bss.b_on)
    b_on_previous                            0x200000c9   Data           1  gpio.o(.bss.b_on_previous)
    direction                                0x200000d8   Data           4  encoder.o(.bss.direction)
    old_angle                                0x20000128   Data           8  display.o(.bss.old_angle)
    old_angular_momentum                     0x20000130   Data           8  display.o(.bss.old_angular_momentum)
    total_phase_count                        0x20000150   Data           4  encoder.o(.bss.total_phase_count)
    uwTick                                   0x20000154   Data           4  stm32f4xx_hal.o(.bss.uwTick)
    window_phase_count                       0x20000158   Data           4  encoder.o(.bss.window_phase_count)
    __initial_sp                             0x20000560   Data           0  startup_stm32f429xx.o(STACK)



==============================================================================

Memory Map of the image

  Image Entry point : 0x080001c1

  Load Region LR_IROM1 (Base: 0x08000000, Size: 0x00007428, Max: 0x00200000, ABSOLUTE)

    Execution Region ER_IROM1 (Exec base: 0x08000000, Load base: 0x08000000, Size: 0x000073f0, Max: 0x00200000, ABSOLUTE)

    Exec Addr    Load Addr    Size         Type   Attr      Idx    E Section Name        Object

    0x08000000   0x08000000   0x000001ac   Data   RO           63    RESET               startup_stm32f429xx.o
    0x080001ac   0x080001ac   0x00000000   Code   RO         1732  * .ARM.Collect$$$$00000000  mc_w.l(entry.o)
    0x080001ac   0x080001ac   0x00000004   Code   RO         1783    .ARM.Collect$$$$00000001  mc_w.l(entry2.o)
    0x080001b0   0x080001b0   0x00000004   Code   RO         1786    .ARM.Collect$$$$00000004  mc_w.l(entry5.o)
    0x080001b4   0x080001b4   0x00000000   Code   RO         1788    .ARM.Collect$$$$00000008  mc_w.l(entry7b.o)
    0x080001b4   0x080001b4   0x00000000   Code   RO         1790    .ARM.Collect$$$$0000000A  mc_w.l(entry8b.o)
    0x080001b4   0x080001b4   0x00000008   Code   RO         1791    .ARM.Collect$$$$0000000B  mc_w.l(entry9a.o)
    0x080001bc   0x080001bc   0x00000000   Code   RO         1793    .ARM.Collect$$$$0000000D  mc_w.l(entry10a.o)
    0x080001bc   0x080001bc   0x00000000   Code   RO         1795    .ARM.Collect$$$$0000000F  mc_w.l(entry11a.o)
    0x080001bc   0x080001bc   0x00000004   Code   RO         1784    .ARM.Collect$$$$00002712  mc_w.l(entry2.o)
    0x080001c0   0x080001c0   0x00000024   Code   RO           64  * .text               startup_stm32f429xx.o
    0x080001e4   0x080001e4   0x00000062   Code   RO         1735    .text               mc_w.l(uldiv.o)
    0x08000246   0x08000246   0x00000062   Code   RO         1737    .text               mc_w.l(ldiv.o)
    0x080002a8   0x080002a8   0x00000024   Code   RO         1739    .text               mc_w.l(memseta.o)
    0x080002cc   0x080002cc   0x000000e4   Code   RO         1771    .text               mf_w.l(dmul.o)
    0x080003b0   0x080003b0   0x000000de   Code   RO         1773    .text               mf_w.l(ddiv.o)
    0x0800048e   0x0800048e   0x00000038   Code   RO         1775    .text               mf_w.l(dcmpeq.o)
    0x080004c6   0x080004c6   0x00000022   Code   RO         1777    .text               mf_w.l(dflti.o)
    0x080004e8   0x080004e8   0x0000002c   Code   RO         1811    .text               mc_w.l(uidiv.o)
    0x08000514   0x08000514   0x0000001e   Code   RO         1813    .text               mc_w.l(llshl.o)
    0x08000532   0x08000532   0x00000020   Code   RO         1815    .text               mc_w.l(llushr.o)
    0x08000552   0x08000552   0x00000000   Code   RO         1824    .text               mc_w.l(iusefp.o)
    0x08000552   0x08000552   0x000000ba   Code   RO         1825    .text               mf_w.l(depilogue.o)
    0x0800060c   0x0800060c   0x0000014e   Code   RO         1827    .text               mf_w.l(dadd.o)
    0x0800075a   0x0800075a   0x00000030   Code   RO         1831    .text               mf_w.l(dfixul.o)
    0x0800078a   0x0800078a   0x00000002   PAD
    0x0800078c   0x0800078c   0x00000030   Code   RO         1833    .text               mf_w.l(cdrcmple.o)
    0x080007bc   0x080007bc   0x00000030   Code   RO         1835    .text               mc_w.l(init.o)
    0x080007ec   0x080007ec   0x00000024   Code   RO         1838    .text               mc_w.l(llsshr.o)
    0x08000810   0x08000810   0x00000004   Code   RO           91    .text.BusFault_Handler  stm32f4xx_it.o
    0x08000814   0x08000814   0x00000002   Code   RO           97    .text.DebugMon_Handler  stm32f4xx_it.o
    0x08000816   0x08000816   0x00000002   PAD
    0x08000818   0x08000818   0x00000010   Code   RO         1295    .text.Driver_Delay_ms  LCD_Tools.o
    0x08000828   0x08000828   0x00000020   Code   RO         1297    .text.Driver_Delay_us  LCD_Tools.o
    0x08000848   0x08000848   0x00000010   Code   RO          103    .text.ETH_IRQHandler  stm32f4xx_it.o
    0x08000858   0x08000858   0x000001da   Code   RO         1518    .text.Enable_GPIO_Clock  USART_STM32F4xx.o
    0x08000a32   0x08000a32   0x00000002   PAD
    0x08000a34   0x08000a34   0x000000e8   Code   RO         1359    .text.Error_Handler  error.o
    0x08000b1c   0x08000b1c   0x00000008   Code   RO         1263    .text.GPIO_Init     LCD_GPIO.o
    0x08000b24   0x08000b24   0x00000014   Code   RO         1168    .text.GUI_clear     LCD_GUI.o
    0x08000b38   0x08000b38   0x000000bc   Code   RO         1174    .text.GUI_disChar   LCD_GUI.o
    0x08000bf4   0x08000bf4   0x00000068   Code   RO         1178    .text.GUI_disNum    LCD_GUI.o
    0x08000c5c   0x08000c5c   0x00000114   Code   RO         1176    .text.GUI_disStr    LCD_GUI.o
    0x08000d70   0x08000d70   0x0000001c   Code   RO         1166    .text.GUI_init      LCD_GUI.o
    0x08000d8c   0x08000d8c   0x000000ea   Code   RO          750    .text.HAL_DMA_Abort  stm32f4xx_hal_dma.o
    0x08000e76   0x08000e76   0x00000002   PAD
    0x08000e78   0x08000e78   0x00000042   Code   RO          293    .text.HAL_Delay     stm32f4xx_hal.o
    0x08000eba   0x08000eba   0x00000002   PAD
    0x08000ebc   0x08000ebc   0x00000008   Code   RO          889    .text.HAL_ETH_ErrorCallback  stm32f4xx_hal_eth.o
    0x08000ec4   0x08000ec4   0x000000c2   Code   RO          883    .text.HAL_ETH_IRQHandler  stm32f4xx_hal_eth.o
    0x08000f86   0x08000f86   0x00000002   PAD
    0x08000f88   0x08000f88   0x00000008   Code   RO          885    .text.HAL_ETH_RxCpltCallback  stm32f4xx_hal_eth.o
    0x08000f90   0x08000f90   0x00000008   Code   RO          887    .text.HAL_ETH_TxCpltCallback  stm32f4xx_hal_eth.o
    0x08000f98   0x08000f98   0x0000025c   Code   RO          227    .text.HAL_GPIO_DeInit  stm32f4xx_hal_gpio.o
    0x080011f4   0x080011f4   0x000003f0   Code   RO          225    .text.HAL_GPIO_Init  stm32f4xx_hal_gpio.o
    0x080015e4   0x080015e4   0x0000002e   Code   RO          229    .text.HAL_GPIO_ReadPin  stm32f4xx_hal_gpio.o
    0x08001612   0x08001612   0x00000002   PAD
    0x08001614   0x08001614   0x00000032   Code   RO          233    .text.HAL_GPIO_TogglePin  stm32f4xx_hal_gpio.o
    0x08001646   0x08001646   0x00000002   PAD
    0x08001648   0x08001648   0x0000002e   Code   RO          231    .text.HAL_GPIO_WritePin  stm32f4xx_hal_gpio.o
    0x08001676   0x08001676   0x00000002   PAD
    0x08001678   0x08001678   0x0000000c   Code   RO          285    .text.HAL_GetTick   stm32f4xx_hal.o
    0x08001684   0x08001684   0x0000001a   Code   RO          283    .text.HAL_IncTick   stm32f4xx_hal.o
    0x0800169e   0x0800169e   0x00000002   PAD
    0x080016a0   0x080016a0   0x0000002e   Code   RO          273    .text.HAL_Init      stm32f4xx_hal.o
    0x080016ce   0x080016ce   0x00000002   PAD
    0x080016d0   0x080016d0   0x00000070   Code   RO          275    .text.HAL_InitTick  stm32f4xx_hal.o
    0x08001740   0x08001740   0x00000002   Code   RO          277    .text.HAL_MspInit   stm32f4xx_hal.o
    0x08001742   0x08001742   0x00000002   PAD
    0x08001744   0x08001744   0x00000014   Code   RO          129    .text.HAL_NVIC_DisableIRQ  stm32f4xx_hal_cortex.o
    0x08001758   0x08001758   0x00000032   Code   RO          117    .text.HAL_NVIC_SetPriority  stm32f4xx_hal_cortex.o
    0x0800178a   0x0800178a   0x00000002   PAD
    0x0800178c   0x0800178c   0x00000010   Code   RO          113    .text.HAL_NVIC_SetPriorityGrouping  stm32f4xx_hal_cortex.o
    0x0800179c   0x0800179c   0x000000be   Code   RO          260    .text.HAL_PWREx_EnableOverDrive  stm32f4xx_hal_pwr_ex.o
    0x0800185a   0x0800185a   0x00000002   PAD
    0x0800185c   0x0800185c   0x00000262   Code   RO          345    .text.HAL_RCC_ClockConfig  stm32f4xx_hal_rcc.o
    0x08001abe   0x08001abe   0x00000002   PAD
    0x08001ac0   0x08001ac0   0x0000000c   Code   RO          355    .text.HAL_RCC_GetHCLKFreq  stm32f4xx_hal_rcc.o
    0x08001acc   0x08001acc   0x00000022   Code   RO          357    .text.HAL_RCC_GetPCLK1Freq  stm32f4xx_hal_rcc.o
    0x08001aee   0x08001aee   0x00000002   PAD
    0x08001af0   0x08001af0   0x000000e6   Code   RO          347    .text.HAL_RCC_GetSysClockFreq  stm32f4xx_hal_rcc.o
    0x08001bd6   0x08001bd6   0x00000002   PAD
    0x08001bd8   0x08001bd8   0x000006a4   Code   RO          343    .text.HAL_RCC_OscConfig  stm32f4xx_hal_rcc.o
    0x0800227c   0x0800227c   0x00000010   Code   RO          137    .text.HAL_SYSTICK_Config  stm32f4xx_hal_cortex.o
    0x0800228c   0x0800228c   0x00000122   Code   RO          838    .text.HAL_TIMEx_MasterConfigSynchronization  stm32f4xx_hal_tim_ex.o
    0x080023ae   0x080023ae   0x00000002   PAD
    0x080023b0   0x080023b0   0x00000048   Code   RO         1284    .text.HAL_TIM_MspPostInit  LCD_TIM.o
    0x080023f8   0x080023f8   0x00000144   Code   RO          542    .text.HAL_TIM_PWM_ConfigChannel  stm32f4xx_hal_tim.o
    0x0800253c   0x0800253c   0x00000058   Code   RO          430    .text.HAL_TIM_PWM_Init  stm32f4xx_hal_tim.o
    0x08002594   0x08002594   0x0000003e   Code   RO         1278    .text.HAL_TIM_PWM_MspInit  LCD_TIM.o
    0x080025d2   0x080025d2   0x00000002   PAD
    0x080025d4   0x080025d4   0x00000080   Code   RO          438    .text.HAL_TIM_PWM_Start  stm32f4xx_hal_tim.o
    0x08002654   0x08002654   0x00000004   Code   RO           87    .text.HardFault_Handler  stm32f4xx_it.o
    0x08002658   0x08002658   0x000000b6   Code   RO         1299    .text.LCDErrHandler  LCD_Tools.o
    0x0800270e   0x0800270e   0x00000002   PAD
    0x08002710   0x08002710   0x0000004a   Code   RO         1132    .text.LCD_Reset     LCD_Driver.o
    0x0800275a   0x0800275a   0x00000002   PAD
    0x0800275c   0x0800275c   0x00000014   Code   RO         1134    .text.LCD_SetBackLight  LCD_Driver.o
    0x08002770   0x08002770   0x00000022   Code   RO         1138    .text.LCD_SetGramScanWay  LCD_Driver.o
    0x08002792   0x08002792   0x00000002   PAD
    0x08002794   0x08002794   0x00000048   Code   RO         1140    .text.LCD_WriteCMD  LCD_Driver.o
    0x080027dc   0x080027dc   0x00000056   Code   RO         1136    .text.LCD_WriteCMDList  LCD_Driver.o
    0x08002832   0x08002832   0x00000002   PAD
    0x08002834   0x08002834   0x00000016   Code   RO         1150    .text.LCD_WriteParam  LCD_Driver.o
    0x0800284a   0x0800284a   0x00000002   PAD
    0x0800284c   0x0800284c   0x00000070   Code   RO         1146    .text.LCD_WriteParameters  LCD_Driver.o
    0x080028bc   0x080028bc   0x00000022   Code   RO         1152    .text.LCD_clear     LCD_Driver.o
    0x080028de   0x080028de   0x00000002   PAD
    0x080028e0   0x080028e0   0x0000018e   Code   RO         1148    .text.LCD_fillRectangleBW  LCD_Driver.o
    0x08002a6e   0x08002a6e   0x00000002   PAD
    0x08002a70   0x08002a70   0x000000ca   Code   RO         1142    .text.LCD_fillRectangleMC  LCD_Driver.o
    0x08002b3a   0x08002b3a   0x00000002   PAD
    0x08002b3c   0x08002b3c   0x00000070   Code   RO         1130    .text.LCD_init      LCD_Driver.o
    0x08002bac   0x08002bac   0x00000058   Code   RO         1144    .text.LCD_setWindow  LCD_Driver.o
    0x08002c04   0x08002c04   0x0000019e   Code   RO         1265    .text.MX_GPIO_Init  LCD_GPIO.o
    0x08002da2   0x08002da2   0x00000002   PAD
    0x08002da4   0x08002da4   0x000000aa   Code   RO         1276    .text.MX_TIM4_Init  LCD_TIM.o
    0x08002e4e   0x08002e4e   0x00000002   PAD
    0x08002e50   0x08002e50   0x00000004   Code   RO           89    .text.MemManage_Handler  stm32f4xx_it.o
    0x08002e54   0x08002e54   0x00000002   Code   RO           85    .text.NMI_Handler   stm32f4xx_it.o
    0x08002e56   0x08002e56   0x00000002   PAD
    0x08002e58   0x08002e58   0x0000006c   Code   RO          123    .text.NVIC_EncodePriority  stm32f4xx_hal_cortex.o
    0x08002ec4   0x08002ec4   0x00000038   Code   RO         1282    .text.PWM_SetValue  LCD_TIM.o
    0x08002efc   0x08002efc   0x00000002   Code   RO           99    .text.PendSV_Handler  stm32f4xx_it.o
    0x08002efe   0x08002efe   0x00000002   PAD
    0x08002f00   0x08002f00   0x000000b8   Code   RO         1246    .text.SPI4W_Write_Byte  LCD_SPI.o
    0x08002fb8   0x08002fb8   0x0000004c   Code   RO         1240    .text.SPIInitDevWithoutHAL  LCD_SPI.o
    0x08003004   0x08003004   0x000000da   Code   RO         1238    .text.SPIInitGPIOsWithoutHAL  LCD_SPI.o
    0x080030de   0x080030de   0x00000002   PAD
    0x080030e0   0x080030e0   0x0000000e   Code   RO         1236    .text.SPIinit       LCD_SPI.o
    0x080030ee   0x080030ee   0x00000002   PAD
    0x080030f0   0x080030f0   0x00000002   Code   RO           95    .text.SVC_Handler   stm32f4xx_it.o
    0x080030f2   0x080030f2   0x00000002   PAD
    0x080030f4   0x080030f4   0x00000052   Code   RO          139    .text.SysTick_Config  stm32f4xx_hal_cortex.o
    0x08003146   0x08003146   0x00000002   PAD
    0x08003148   0x08003148   0x00000008   Code   RO          101    .text.SysTick_Handler  stm32f4xx_it.o
    0x08003150   0x08003150   0x000000b8   Code   RO         1401    .text.SystemClock_Config  init.o
    0x08003208   0x08003208   0x0000006e   Code   RO           71    .text.SystemInit    system_stm32f4xx.o
    0x08003276   0x08003276   0x00000002   PAD
    0x08003278   0x08003278   0x00000008   Code   RO         1274    .text.TIM4_Init     LCD_TIM.o
    0x08003280   0x08003280   0x0000019a   Code   RO          380    .text.TIM_Base_SetConfig  stm32f4xx_hal_tim.o
    0x0800341a   0x0800341a   0x00000002   PAD
    0x0800341c   0x0800341c   0x00000036   Code   RO          414    .text.TIM_CCxChannelCmd  stm32f4xx_hal_tim.o
    0x08003452   0x08003452   0x00000002   PAD
    0x08003454   0x08003454   0x000000ea   Code   RO          524    .text.TIM_OC1_SetConfig  stm32f4xx_hal_tim.o
    0x0800353e   0x0800353e   0x00000002   PAD
    0x08003540   0x08003540   0x000000f4   Code   RO          526    .text.TIM_OC2_SetConfig  stm32f4xx_hal_tim.o
    0x08003634   0x08003634   0x000000f2   Code   RO          528    .text.TIM_OC3_SetConfig  stm32f4xx_hal_tim.o
    0x08003726   0x08003726   0x00000002   PAD
    0x08003728   0x08003728   0x000000a4   Code   RO          530    .text.TIM_OC4_SetConfig  stm32f4xx_hal_tim.o
    0x080037cc   0x080037cc   0x00000032   Code   RO         1208    .text.TP_InitBasic  LCD_Touch.o
    0x080037fe   0x080037fe   0x00000002   PAD
    0x08003800   0x08003800   0x0000002a   Code   RO         1210    .text.TP_SetDefaultCalibration  LCD_Touch.o
    0x0800382a   0x0800382a   0x00000002   PAD
    0x0800382c   0x0800382c   0x0000001c   Code   RO         1506    .text.USART3_Control  USART_STM32F4xx.o
    0x08003848   0x08003848   0x00000018   Code   RO         1488    .text.USART3_GetCapabilities  USART_STM32F4xx.o
    0x08003860   0x08003860   0x00000018   Code   RO         1512    .text.USART3_GetModemStatus  USART_STM32F4xx.o
    0x08003878   0x08003878   0x00000010   Code   RO         1504    .text.USART3_GetRxCount  USART_STM32F4xx.o
    0x08003888   0x08003888   0x00000018   Code   RO         1508    .text.USART3_GetStatus  USART_STM32F4xx.o
    0x080038a0   0x080038a0   0x00000010   Code   RO         1502    .text.USART3_GetTxCount  USART_STM32F4xx.o
    0x080038b0   0x080038b0   0x00000010   Code   RO         1484    .text.USART3_IRQHandler  USART_STM32F4xx.o
    0x080038c0   0x080038c0   0x00000018   Code   RO         1490    .text.USART3_Initialize  USART_STM32F4xx.o
    0x080038d8   0x080038d8   0x0000001c   Code   RO         1494    .text.USART3_PowerControl  USART_STM32F4xx.o
    0x080038f4   0x080038f4   0x0000001c   Code   RO         1498    .text.USART3_Receive  USART_STM32F4xx.o
    0x08003910   0x08003910   0x0000001c   Code   RO         1496    .text.USART3_Send   USART_STM32F4xx.o
    0x0800392c   0x0800392c   0x0000001c   Code   RO         1510    .text.USART3_SetModemControl  USART_STM32F4xx.o
    0x08003948   0x08003948   0x00000020   Code   RO         1500    .text.USART3_Transfer  USART_STM32F4xx.o
    0x08003968   0x08003968   0x00000010   Code   RO         1492    .text.USART3_Uninitialize  USART_STM32F4xx.o
    0x08003978   0x08003978   0x00000d86   Code   RO         1540    .text.USART_Control  USART_STM32F4xx.o
    0x080046fe   0x080046fe   0x00000002   PAD
    0x08004700   0x08004700   0x00000010   Code   RO         1514    .text.USART_GetCapabilities  USART_STM32F4xx.o
    0x08004710   0x08004710   0x0000006a   Code   RO         1546    .text.USART_GetModemStatus  USART_STM32F4xx.o
    0x0800477a   0x0800477a   0x00000002   PAD
    0x0800477c   0x0800477c   0x0000000e   Code   RO         1538    .text.USART_GetRxCount  USART_STM32F4xx.o
    0x0800478a   0x0800478a   0x00000002   PAD
    0x0800478c   0x0800478c   0x000000d4   Code   RO         1542    .text.USART_GetStatus  USART_STM32F4xx.o
    0x08004860   0x08004860   0x0000000e   Code   RO         1536    .text.USART_GetTxCount  USART_STM32F4xx.o
    0x0800486e   0x0800486e   0x00000002   PAD
    0x08004870   0x08004870   0x00000402   Code   RO         1482    .text.USART_IRQHandler  USART_STM32F4xx.o
    0x08004c72   0x08004c72   0x00000002   PAD
    0x08004c74   0x08004c74   0x000000e0   Code   RO         1516    .text.USART_Initialize  USART_STM32F4xx.o
    0x08004d54   0x08004d54   0x0000024c   Code   RO         1528    .text.USART_PeripheralReset  USART_STM32F4xx.o
    0x08004fa0   0x08004fa0   0x0000045e   Code   RO         1522    .text.USART_PowerControl  USART_STM32F4xx.o
    0x080053fe   0x080053fe   0x00000002   PAD
    0x08005400   0x08005400   0x000000e4   Code   RO         1532    .text.USART_Receive  USART_STM32F4xx.o
    0x080054e4   0x080054e4   0x000000b6   Code   RO         1530    .text.USART_Send    USART_STM32F4xx.o
    0x0800559a   0x0800559a   0x00000002   PAD
    0x0800559c   0x0800559c   0x000000e2   Code   RO         1544    .text.USART_SetModemControl  USART_STM32F4xx.o
    0x0800567e   0x0800567e   0x00000002   PAD
    0x08005680   0x08005680   0x00000096   Code   RO         1534    .text.USART_Transfer  USART_STM32F4xx.o
    0x08005716   0x08005716   0x00000002   PAD
    0x08005718   0x08005718   0x000000c0   Code   RO         1520    .text.USART_Uninitialize  USART_STM32F4xx.o
    0x080057d8   0x080057d8   0x00000012   Code   RO         1486    .text.USARTx_GetVersion  USART_STM32F4xx.o
    0x080057ea   0x080057ea   0x00000002   PAD
    0x080057ec   0x080057ec   0x00000004   Code   RO           93    .text.UsageFault_Handler  stm32f4xx_it.o
    0x080057f0   0x080057f0   0x00000030   Code   RO         1524    .text.__NVIC_ClearPendingIRQ  USART_STM32F4xx.o
    0x08005820   0x08005820   0x00000038   Code   RO          131    .text.__NVIC_DisableIRQ  stm32f4xx_hal_cortex.o
    0x08005858   0x08005858   0x00000030   Code   RO         1526    .text.__NVIC_EnableIRQ  USART_STM32F4xx.o
    0x08005888   0x08005888   0x00000010   Code   RO          119    .text.__NVIC_GetPriorityGrouping  stm32f4xx_hal_cortex.o
    0x08005898   0x08005898   0x00000042   Code   RO          121    .text.__NVIC_SetPriority  stm32f4xx_hal_cortex.o
    0x080058da   0x080058da   0x00000002   PAD
    0x080058dc   0x080058dc   0x0000003c   Code   RO          115    .text.__NVIC_SetPriorityGrouping  stm32f4xx_hal_cortex.o
    0x08005918   0x08005918   0x00000048   Code   RO         1250    .text.check_SPI_SR  LCD_SPI.o
    0x08005960   0x08005960   0x0000000c   Code   RO         1662    .text.get_direction  encoder.o
    0x0800596c   0x0800596c   0x00000046   Code   RO         1656    .text.get_phase     encoder.o
    0x080059b2   0x080059b2   0x00000002   PAD
    0x080059b4   0x080059b4   0x0000000c   Code   RO         1664    .text.get_total_phase_count  encoder.o
    0x080059c0   0x080059c0   0x0000000c   Code   RO         1666    .text.get_window_phase_count  encoder.o
    0x080059cc   0x080059cc   0x00000038   Code   RO         1718    .text.handle_error  error_handler.o
    0x08005a04   0x08005a04   0x00000042   Code   RO         1668    .text.increment_window_phase_count  encoder.o
    0x08005a46   0x08005a46   0x00000002   PAD
    0x08005a48   0x08005a48   0x00000140   Code   RO         1403    .text.initGPIOs     init.o
    0x08005b88   0x08005b88   0x00000014   Code   RO         1399    .text.initITSboard  init.o
    0x08005b9c   0x08005b9c   0x00000042   Code   RO         1474    .text.initTimer     timer.o
    0x08005bde   0x08005bde   0x00000002   PAD
    0x08005be0   0x08005be0   0x0000001a   Code   RO         1696    .text.init_display  display.o
    0x08005bfa   0x08005bfa   0x00000002   PAD
    0x08005bfc   0x08005bfc   0x00000022   Code   RO         1658    .text.init_encoder  encoder.o
    0x08005c1e   0x08005c1e   0x00000002   PAD
    0x08005c20   0x08005c20   0x00000062   Code   RO         1611    .text.init_gpio     gpio.o
    0x08005c82   0x08005c82   0x00000002   PAD
    0x08005c84   0x08005c84   0x00000024   Code   RO         1575    .text.init_modules  main.o
    0x08005ca8   0x08005ca8   0x00000028   Code   RO         1589    .text.init_time     time.o
    0x08005cd0   0x08005cd0   0x00000010   Code   RO         1613    .text.is_reset_button_pressed  gpio.o
    0x08005ce0   0x08005ce0   0x0000005c   Code   RO         1597    .text.is_timewindow_over  time.o
    0x08005d3c   0x08005d3c   0x000000b4   Code   RO         1301    .text.itoa          LCD_Tools.o
    0x08005df0   0x08005df0   0x00000038   Code   RO         1684    .text.lcd_shit      test_lcd.o
    0x08005e28   0x08005e28   0x00000084   Code   RO         1579    .text.main          main.o
    0x08005eac   0x08005eac   0x0000006c   Code   RO         1599    .text.ms_since_timewindow_start  time.o
    0x08005f18   0x08005f18   0x000000b2   Code   RO         1333    .text.printDebugMsg  LCD_Debug.o
    0x08005fca   0x08005fca   0x00000002   PAD
    0x08005fcc   0x08005fcc   0x0000003c   Code   RO         1694    .text.print_error   display.o
    0x08006008   0x08006008   0x00000060   Code   RO         1641    .text.recalculate_angle  angle.o
    0x08006068   0x08006068   0x00000060   Code   RO         1639    .text.recalculate_angular_momentum  angle.o
    0x080060c8   0x080060c8   0x00000198   Code   RO         1660    .text.recalculate_encoder  encoder.o
    0x08006260   0x08006260   0x00000056   Code   RO         1623    .text.refresh_input_state  gpio.o
    0x080062b6   0x080062b6   0x00000002   PAD
    0x080062b8   0x080062b8   0x00000014   Code   RO         1591    .text.refresh_timer  time.o
    0x080062cc   0x080062cc   0x00000010   Code   RO         1577    .text.reset_state   main.o
    0x080062dc   0x080062dc   0x0000000e   Code   RO         1672    .text.reset_window_phase_count  encoder.o
    0x080062ea   0x080062ea   0x00000002   PAD
    0x080062ec   0x080062ec   0x00000030   Code   RO         1248    .text.save_restore_AltFn_SPI1_MOSI_Pin  LCD_SPI.o
    0x0800631c   0x0800631c   0x00000016   Code   RO         1593    .text.save_timestamp  time.o
    0x08006332   0x08006332   0x00000002   PAD
    0x08006334   0x08006334   0x00000012   Code   RO         1698    .text.setErrMode    display.o
    0x08006346   0x08006346   0x00000002   PAD
    0x08006348   0x08006348   0x00000012   Code   RO         1700    .text.setNormalMode  display.o
    0x0800635a   0x0800635a   0x00000002   PAD
    0x0800635c   0x0800635c   0x0000006e   Code   RO         1615    .text.set_dir_led   gpio.o
    0x080063ca   0x080063ca   0x00000002   PAD
    0x080063cc   0x080063cc   0x00000022   Code   RO         1621    .text.set_phase_led  gpio.o
    0x080063ee   0x080063ee   0x00000002   PAD
    0x080063f0   0x080063f0   0x00000014   Code   RO         1595    .text.start_new_timewindow  time.o
    0x08006404   0x08006404   0x000000ae   Code   RO         1562    .text.stdinout_init  stdinout_USART.o
    0x080064b2   0x080064b2   0x00000002   PAD
    0x080064b4   0x080064b4   0x00000102   Code   RO         1692    .text.update        display.o
    0x080065b6   0x080065b6   0x00000002   PAD
    0x080065b8   0x080065b8   0x0000001a   Code   RO         1670    .text.update_total_phase_count  encoder.o
    0x080065d2   0x080065d2   0x00000002   PAD
    0x080065d4   0x080065d4   0x00000028   Code   RO         1746    i.__0sprintf        mc_w.l(printfa.o)
    0x080065fc   0x080065fc   0x0000000e   Code   RO         1843    i.__scatterload_copy  mc_w.l(handlers.o)
    0x0800660a   0x0800660a   0x00000002   Code   RO         1844    i.__scatterload_null  mc_w.l(handlers.o)
    0x0800660c   0x0800660c   0x0000000e   Code   RO         1845    i.__scatterload_zeroinit  mc_w.l(handlers.o)
    0x0800661a   0x0800661a   0x00000002   PAD
    0x0800661c   0x0800661c   0x00000184   Code   RO         1751    i._fp_digits        mc_w.l(printfa.o)
    0x080067a0   0x080067a0   0x000006dc   Code   RO         1752    i._printf_core      mc_w.l(printfa.o)
    0x08006e7c   0x08006e7c   0x00000024   Code   RO         1753    i._printf_post_padding  mc_w.l(printfa.o)
    0x08006ea0   0x08006ea0   0x0000002e   Code   RO         1754    i._printf_pre_padding  mc_w.l(printfa.o)
    0x08006ece   0x08006ece   0x0000000a   Code   RO         1756    i._sputc            mc_w.l(printfa.o)
    0x08006ed8   0x08006ed8   0x00000010   Data   RO           76    .rodata.AHBPrescTable  system_stm32f4xx.o
    0x08006ee8   0x08006ee8   0x00000008   Data   RO           77    .rodata.APBPrescTable  system_stm32f4xx.o
    0x08006ef0   0x08006ef0   0x00000038   Data   RO         1548    .rodata.Driver_USART3  USART_STM32F4xx.o
    0x08006f28   0x08006f28   0x000002f8   Data   RO          930    .rodata.Font8_Table  font8.o
    0x08007220   0x08007220   0x00000034   Data   RO         1553    .rodata.USART3_Resources  USART_STM32F4xx.o
    0x08007254   0x08007254   0x0000000c   Data   RO         1550    .rodata.USART3_rx   USART_STM32F4xx.o
    0x08007260   0x08007260   0x0000000c   Data   RO         1549    .rodata.USART3_tx   USART_STM32F4xx.o
    0x0800726c   0x0800726c   0x00000067   Data   RO         1158    .rodata.initCmds    LCD_Driver.o
    0x080072d3   0x080072d3   0x00000040   Data   RO         1190    .rodata.str1.1      LCD_GUI.o
    0x08007313   0x08007313   0x00000040   Data   RO         1254    .rodata.str1.1      LCD_SPI.o
    0x08007353   0x08007353   0x00000040   Data   RO         1287    .rodata.str1.1      LCD_TIM.o
    0x08007393   0x08007393   0x0000001c   Data   RO         1336    .rodata.str1.1      LCD_Debug.o
    0x080073af   0x080073af   0x00000006   Data   RO         1709    .rodata.str1.1      display.o
    0x080073b5   0x080073b5   0x0000001b   Data   RO         1720    .rodata.str1.1      error_handler.o
    0x080073d0   0x080073d0   0x00000020   Data   RO         1842    Region$$Table       anon$$obj.o


    Execution Region RW_IRAM1 (Exec base: 0x20000000, Load base: 0x080073f0, Size: 0x00000560, Max: 0x00030000, ABSOLUTE)

    Exec Addr    Load Addr    Size         Type   Attr      Idx    E Section Name        Object

    0x20000000   0x080073f0   0x00000008   Data   RW         1102    .data.Font16FLASH   fontsFLASH.o
    0x20000008   0x080073f8   0x00000008   Data   RW          931    .data.Font8         font8.o
    0x20000010   0x08007400   0x00000004   Data   RW           75    .data.SystemCoreClock  system_stm32f4xx.o
    0x20000014   0x08007404   0x00000004   Data   RW         1702    .data.angle_c       display.o
    0x20000018   0x08007408   0x00000004   Data   RW         1703    .data.angular_momentum_c  display.o
    0x2000001c   0x0800740c   0x00000004   Data   RW         1705    .data.default_color  display.o
    0x20000020   0x08007410   0x00000004   Data   RW         1707    .data.default_font_color  display.o
    0x20000024   0x08007414   0x00000004   Data   RW         1706    .data.err_color     display.o
    0x20000028   0x08007418   0x00000004   Data   RW         1704    .data.error_c       display.o
    0x2000002c   0x0800741c   0x00000004   Data   RW         1255    .data.save_restore_AltFn_SPI1_MOSI_Pin.saved_AF  LCD_SPI.o
    0x20000030   0x08007420   0x00000001   Data   RW          332    .data.uwTickFreq    stm32f4xx_hal.o
    0x20000031   0x08007421   0x00000003   PAD
    0x20000034   0x08007424   0x00000004   Data   RW          331    .data.uwTickPrio    stm32f4xx_hal.o
    0x20000038        -       0x00000048   Zero   RW          105    .bss.EthHandle      stm32f4xx_it.o
    0x20000080        -       0x00000014   Zero   RW         1551    .bss.USART3_Info    USART_STM32F4xx.o
    0x20000094        -       0x00000024   Zero   RW         1552    .bss.USART3_TransferInfo  USART_STM32F4xx.o
    0x200000b8        -       0x00000001   Zero   RW         1630    .bss.a_on           gpio.o
    0x200000b9        -       0x00000001   Zero   RW         1628    .bss.a_on_previous  gpio.o
    0x200000ba   0x08007428   0x00000006   PAD
    0x200000c0        -       0x00000008   Zero   RW         1647    .bss.angle          angle.o
    0x200000c8        -       0x00000001   Zero   RW         1631    .bss.b_on           gpio.o
    0x200000c9        -       0x00000001   Zero   RW         1629    .bss.b_on_previous  gpio.o
    0x200000ca   0x08007428   0x00000002   PAD
    0x200000cc        -       0x00000004   Zero   RW         1626    .bss.current_phase_count  gpio.o
    0x200000d0        -       0x00000004   Zero   RW         1625    .bss.current_status  gpio.o
    0x200000d4        -       0x00000004   Zero   RW         1601    .bss.current_timestamp  time.o
    0x200000d8        -       0x00000004   Zero   RW         1674    .bss.direction      encoder.o
    0x200000dc        -       0x00000040   Zero   RW         1286    .bss.htim4          LCD_TIM.o
    0x2000011c        -       0x00000004   Zero   RW         1627    .bss.input          gpio.o
    0x20000120        -       0x00000004   Zero   RW         1603    .bss.last_phase_transition_timestamp  time.o
    0x20000124   0x08007428   0x00000004   PAD
    0x20000128        -       0x00000008   Zero   RW         1708    .bss.old_angle      display.o
    0x20000130        -       0x00000008   Zero   RW         1710    .bss.old_angular_momentum  display.o
    0x20000138        -       0x00000018   Zero   RW         1227    .bss.sTP_DEV        LCD_Touch.o
    0x20000150        -       0x00000004   Zero   RW         1675    .bss.total_phase_count  encoder.o
    0x20000154        -       0x00000004   Zero   RW          333    .bss.uwTick         stm32f4xx_hal.o
    0x20000158        -       0x00000004   Zero   RW         1676    .bss.window_phase_count  encoder.o
    0x2000015c        -       0x00000004   Zero   RW         1602    .bss.window_start_timestamp  time.o
    0x20000160        -       0x00000400   Zero   RW           61    STACK               startup_stm32f429xx.o


==============================================================================

Image component sizes


      Code (inc. data)   RO Data    RW Data    ZI Data      Debug   Object Name

       178          0         28          0          0       1154   LCD_Debug.o
      1254          0        103          0          0       4659   LCD_Driver.o
       422          0          0          0          0       2724   LCD_GPIO.o
       616          0         64          0          0       6709   LCD_GUI.o
       612          0         64          4          0       5415   LCD_SPI.o
       368          0         64          0         64       6027   LCD_TIM.o
       410          0          0          0          0       3132   LCD_Tools.o
        92          0          0          0         24       6586   LCD_Touch.o
      8678         52        132          0         56      22528   USART_STM32F4xx.o
       192         24          0          0          8       1151   angle.o
       380          0          6         24         16       1967   display.o
       654         20          0          0         12       1876   encoder.o
       232          0          0          0          0       2459   error.o
        56          0         27          0          0        718   error_handler.o
         0          0        760          8          0        861   font8.o
         0          0          0          8          0       1852   fontsFLASH.o
       344          0          0          0         16       2142   gpio.o
       524          0          0          0          0       3765   init.o
       184          0          0          0          0        934   main.o
        36          8        428          0       1024        976   startup_stm32f429xx.o
       174          0          0          0          0       1519   stdinout_USART.o
       264          0          0          5          4       7899   stm32f4xx_hal.o
       490          0          0          0          0      10011   stm32f4xx_hal_cortex.o
       234          0          0          0          0       8762   stm32f4xx_hal_dma.o
       218          0          0          0          0      16060   stm32f4xx_hal_eth.o
      1754          0          0          0          0       5479   stm32f4xx_hal_gpio.o
       190          0          0          0          0       4855   stm32f4xx_hal_pwr_ex.o
      2586          0          0          0          0       7914   stm32f4xx_hal_rcc.o
      1888         14          0          0          0      31783   stm32f4xx_hal_tim.o
       290          0          0          0          0      12986   stm32f4xx_hal_tim_ex.o
        48          0          0          0         72       4859   stm32f4xx_it.o
       110          0         24          4          0       2903   system_stm32f4xx.o
        56         16          0          0          0       1154   test_lcd.o
       302          0          0          0         12       2155   time.o
        66          0          0          0          0       2016   timer.o

    ----------------------------------------------------------------------
     24040        134       1732         56       1320     197990   Object Totals
         0          0         32          0          0          0   (incl. Generated)
       138          0          0          3         12          0   (incl. Padding)

    ----------------------------------------------------------------------

      Code (inc. data)   RO Data    RW Data    ZI Data      Debug   Library Member Name

         0          0          0          0          0          0   entry.o
         0          0          0          0          0          0   entry10a.o
         0          0          0          0          0          0   entry11a.o
         8          4          0          0          0          0   entry2.o
         4          0          0          0          0          0   entry5.o
         0          0          0          0          0          0   entry7b.o
         0          0          0          0          0          0   entry8b.o
         8          4          0          0          0          0   entry9a.o
        30          0          0          0          0          0   handlers.o
        48         10          0          0          0         68   init.o
         0          0          0          0          0          0   iusefp.o
        98          0          0          0          0         84   ldiv.o
        30          0          0          0          0         68   llshl.o
        36          0          0          0          0         68   llsshr.o
        32          0          0          0          0         68   llushr.o
        36          0          0          0          0        108   memseta.o
      2276         86          0          0          0        520   printfa.o
        44          0          0          0          0         80   uidiv.o
        98          0          0          0          0         92   uldiv.o
        48          0          0          0          0         68   cdrcmple.o
       334          0          0          0          0        148   dadd.o
        56          0          0          0          0         80   dcmpeq.o
       222          0          0          0          0        100   ddiv.o
       186          0          0          0          0        176   depilogue.o
        48          0          0          0          0         68   dfixul.o
        34          0          0          0          0         76   dflti.o
       228          0          0          0          0         96   dmul.o

    ----------------------------------------------------------------------
      3908        104          0          0          0       1968   Library Totals
         4          0          0          0          0          0   (incl. Padding)

    ----------------------------------------------------------------------

      Code (inc. data)   RO Data    RW Data    ZI Data      Debug   Library Name

      2748        104          0          0          0       1156   mc_w.l
      1156          0          0          0          0        812   mf_w.l

    ----------------------------------------------------------------------
      3908        104          0          0          0       1968   Library Totals

    ----------------------------------------------------------------------

==============================================================================


      Code (inc. data)   RO Data    RW Data    ZI Data      Debug   

     27948        238       1732         56       1320     198502   Grand Totals
     27948        238       1732         56       1320     198502   ELF Image Totals
     27948        238       1732         56          0          0   ROM Totals

==============================================================================

    Total RO  Size (Code + RO Data)                29680 (  28.98kB)
    Total RW  Size (RW Data + ZI Data)              1376 (   1.34kB)
    Total ROM Size (Code + RO Data + RW Data)      29736 (  29.04kB)

==============================================================================

